Archive member included because of file (symbol)

chipKIT-core/libCore.a(cpp-startup.S.o)
                              (_reset)
chipKIT-core/libCore.a(crti.S.o)
                              chipKIT-core/libCore.a(cpp-startup.S.o) (_init)
chipKIT-core/libCore.a(HardwareSerial.cpp.o)
                              build/default/production/chipKIT-libraries/BoardLib/XTREMIS_Library.o (HardwareSerial::available())
chipKIT-core/libCore.a(HardwareSerial_cdcacm.c.o)
                              chipKIT-core/libCore.a(HardwareSerial.cpp.o) (gCdcacm_active)
chipKIT-core/libCore.a(HardwareSerial_usb.c.o)
                              chipKIT-core/libCore.a(HardwareSerial_cdcacm.c.o) (usb_device_enqueue)
chipKIT-core/libCore.a(main.cpp.o)
                              chipKIT-core/libCore.a(cpp-startup.S.o) (main)
chipKIT-core/libCore.a(Print.cpp.o)
                              build/default/production/chipKIT-libraries/OBCI32_SD/utility/SdFile.o (Print::write(unsigned char const*, unsigned long))
chipKIT-core/libCore.a(task_manager.c.o)
                              chipKIT-core/libCore.a(main.cpp.o) (_scheduleTask)
chipKIT-core/libCore.a(vector_table.S.o)
                              chipKIT-core/libCore.a(main.cpp.o) (__use_isr_install)
chipKIT-core/libCore.a(wiring.c.o)
                              build/default/production/chipKIT-libraries/BoardLib/XTREMIS_Library.o (millis)
chipKIT-core/libCore.a(wiring_digital.c.o)
                              build/default/production/chipKIT-libraries/BoardLib/XTREMIS_Library.o (pinMode)
chipKIT-core/libCore.a(wiring_shift.c.o)
                              build/default/production/chipKIT-libraries/OBCI32_SD/utility/Sd2Card.o (shiftIn)
chipKIT-core/libCore.a(WString.cpp.o)
                              build/default/production/chipKIT-libraries/BoardLib/XTREMIS_Library.o (String::~String())
chipKIT-core/libCore.a(WSystem.c.o)
                              chipKIT-core/libCore.a(wiring.c.o) (initIntVector)
chipKIT-core/libCore.a(doprnt.cpp.o)
                              chipKIT-core/libCore.a(Print.cpp.o) (_doprnt(char const*, void*, Print*))
chipKIT-core/libCore.a(pins_arduino.c.o)
                              chipKIT-core/libCore.a(wiring.c.o) (_board_init)
chipKIT-core/libCore.a(wiring_analog.c.o)
                              chipKIT-core/libCore.a(wiring_digital.c.o) (turnOffPWM)
/Applications/microchip/xc32/v1.44/bin/bin/../../lib/gcc/pic32mx/4.8.3/../../../../pic32mx/lib/longdouble/libsupc++.a(class_type_info.o)
                              build/default/production/chipKIT-libraries/DSPI/DSPI.o (vtable for __cxxabiv1::__class_type_info)
/Applications/microchip/xc32/v1.44/bin/bin/../../lib/gcc/pic32mx/4.8.3/../../../../pic32mx/lib/longdouble/libsupc++.a(del_op.o)
                              /Applications/microchip/xc32/v1.44/bin/bin/../../lib/gcc/pic32mx/4.8.3/../../../../pic32mx/lib/longdouble/libsupc++.a(class_type_info.o) (operator delete(void*))
/Applications/microchip/xc32/v1.44/bin/bin/../../lib/gcc/pic32mx/4.8.3/../../../../pic32mx/lib/longdouble/libsupc++.a(new_op.o)
                              build/default/production/chipKIT-libraries/OBCI32_SD/XTREMIS_SD.o (operator new(unsigned long))
/Applications/microchip/xc32/v1.44/bin/bin/../../lib/gcc/pic32mx/4.8.3/../../../../pic32mx/lib/longdouble/libsupc++.a(si_class_type_info.o)
                              build/default/production/chipKIT-libraries/DSPI/DSPI.o (vtable for __cxxabiv1::__si_class_type_info)
/Applications/microchip/xc32/v1.44/bin/bin/../../lib/gcc/pic32mx/4.8.3/../../../../pic32mx/lib/longdouble/libsupc++.a(tinfo.o)
                              /Applications/microchip/xc32/v1.44/bin/bin/../../lib/gcc/pic32mx/4.8.3/../../../../pic32mx/lib/longdouble/libsupc++.a(class_type_info.o) (std::type_info::~type_info())
/Applications/microchip/xc32/v1.44/bin/bin/../../lib/gcc/pic32mx/4.8.3/../../../../pic32mx/lib/longdouble/libsupc++.a(pure.o)
                              build/default/production/chipKIT-libraries/DSPI/DSPI.o (__cxa_pure_virtual)
/Applications/microchip/xc32/v1.44/bin/bin/../../lib/gcc/pic32mx/4.8.3/../../../../pic32mx/lib/longdouble/libsupc++.a(bad_alloc.o)
                              /Applications/microchip/xc32/v1.44/bin/bin/../../lib/gcc/pic32mx/4.8.3/../../../../pic32mx/lib/longdouble/libsupc++.a(new_op.o) (vtable for std::bad_alloc)
/Applications/microchip/xc32/v1.44/bin/bin/../../lib/gcc/pic32mx/4.8.3/../../../../pic32mx/lib/longdouble/libsupc++.a(eh_alloc.o)
                              /Applications/microchip/xc32/v1.44/bin/bin/../../lib/gcc/pic32mx/4.8.3/../../../../pic32mx/lib/longdouble/libsupc++.a(new_op.o) (__cxa_allocate_exception)
/Applications/microchip/xc32/v1.44/bin/bin/../../lib/gcc/pic32mx/4.8.3/../../../../pic32mx/lib/longdouble/libsupc++.a(eh_exception.o)
                              /Applications/microchip/xc32/v1.44/bin/bin/../../lib/gcc/pic32mx/4.8.3/../../../../pic32mx/lib/longdouble/libsupc++.a(bad_alloc.o) (std::exception::~exception())
[...]
Memory Configuration

Name             Origin             Length             Attributes
exception_mem    0x9d000000         0x00001000
kseg0_program_mem 0x9d001000         0x0001d000         xr
kseg0_eeprom_mem 0x9d01e000         0x00001000
kseg0_splitflash_mem 0x9d01f000         0x00001000
kseg0_boot_mem   0x9fc00200         0x00000000
kseg1_boot_mem   0xbfc00000         0x00000000
debug_exec_mem   0xbfc00490         0x00000000
config3          0xbfc00bf0         0x00000004
config2          0xbfc00bf4         0x00000004
config1          0xbfc00bf8         0x00000004
config0          0xbfc00bfc         0x00000004
kseg1_data_mem   0xa0000000         0x00008000         w !x
sfrs             0xbf800000         0x00100000
configsfrs       0xbfc00bf0         0x00000010
*default*        0x00000000         0xffffffff

Linker script and memory map

                0x00000001                _DEBUGGER = 0x1
LOAD build/default/production/chipKIT-libraries/BoardLib/XTREMIS_Library.o
LOAD build/default/production/chipKIT-libraries/DSPI/DSPI.o
LOAD build/default/production/chipKIT-libraries/EEPROM/utility/Deeprom.o
LOAD build/default/production/chipKIT-libraries/EEPROM/utility/flash.o
LOAD build/default/production/chipKIT-libraries/EEPROM/EEPROM.o
LOAD build/default/production/chipKIT-libraries/OBCI32_SD/utility/Sd2Card.o
LOAD build/default/production/chipKIT-libraries/OBCI32_SD/utility/SdFile.o
LOAD build/default/production/chipKIT-libraries/OBCI32_SD/utility/SdVolume.o
LOAD build/default/production/chipKIT-libraries/OBCI32_SD/File.o
LOAD build/default/production/chipKIT-libraries/OBCI32_SD/XTREMIS_SD.o
LOAD build/default/production/source/DefaultBoard.o
                0x00000001                __MPLAB_BUILD = 0x1
LOAD chipKIT-core/libCore.a
LOAD /Applications/microchip/xc32/v1.44/bin/bin/../../lib/gcc/pic32mx/4.8.3/../../../../pic32mx/lib/longdouble/libsupc++.a
                0x00000800                PROVIDE (_min_stack_size, 0x800)
                0x00000800                PROVIDE (_min_heap_size, 0x800)
LOAD /Applications/microchip/xc32/v1.44/bin/bin/../../lib/gcc/pic32mx/4.8.3/../../../../pic32mx/lib/./proc/32MX250F128B/processor.o
START GROUP
LOAD libmchp_peripheral_32MX250F128D.a
END GROUP
                0x9d000000                _ebase_address = ORIGIN (exception_mem)
                0x9d0000f8                _IMAGE_PTR_TABLE = (_ebase_address + 0xf8)
                0x9d0000fc                _IMAGE_HEADER_ADDR = (_ebase_address + 0xfc)
                0x9d000180                _GEN_EXCPT_ADDR = (_ebase_address + 0x180)
                0x9d001000                _RESET_ADDR = ORIGIN (kseg0_program_mem)
                0x9d01e000                _EEPROM_ADDR = ORIGIN (kseg0_eeprom_mem)
                0xbfc00380                _BEV_EXCPT_ADDR = 0xbfc00380
                0xbfc00480                _DBG_EXCPT_ADDR = 0xbfc00480
                0xbfc00490                _DBG_CODE_ADDR = ORIGIN (debug_exec_mem)
                0x00000000                _imageReserved = 0x0
                0x00000001                _imageMPIDE = 0x1
                0x00000002                _imageBootFlashBootloader = 0x2
                0x00000004                _imageProgramFlashBootloader = 0x4
                0x00000008                _imageSplitFlashBootloader = 0x8
                0x00010000                _imageFullFlashEraseLess4KEEProm = 0x10000
                0x00020000                _imageJustInTimeFlashErase = 0x20000
                0x00040000                _imageLinkerSpecifiedFlashErase = 0x40000
                0x00080000                _imageFullFlashErase = 0x80000
                0x01000000                _imageExecutionJumpAddress = 0x1000000
                0x02000000                _imageExecutionJumpToFirstInFlash = 0x2000000
                0x01020001                _IMAGE_TYPE = ((_imageMPIDE | _imageJustInTimeFlashErase) | _imageExecutionJumpAddress)
                0x0001e000                _IMAGE_FLASH_SIZE = 0x1e000
                0x9d001000                _JUMP_ADDR = _RESET_ADDR

.reset          0x9d001000        0x8
 *(.reset)
 .reset         0x9d001000        0x8 chipKIT-core/libCore.a(cpp-startup.S.o)
                0x9d001000                _reset
                0x00000001                PROVIDE (_vector_spacing, 0x1)
LOAD /Applications/microchip/xc32/v1.44/bin/bin/../../lib/gcc/pic32mx/4.8.3/longdouble/crtbegin.o
LOAD /Applications/microchip/xc32/v1.44/bin/bin/../../lib/gcc/pic32mx/4.8.3/longdouble/crtend.o
LOAD /Applications/microchip/xc32/v1.44/bin/bin/../../lib/gcc/pic32mx/4.8.3/longdouble/crtn.o
START GROUP
LOAD libmchp_peripheral.a
END GROUP

/DISCARD/
 *(.config_*)
 *(.bev_handler)
 *(.pdr)
 *(.reginfo)
 *(.rel.dyn)
 *(.note.GNU-stack)
 *(.note.GNU-stack)
 *(.gnu_debuglink)
 *(.gnu.lto_*)
 *(.discard)

.eeprom_pic32   0x9d01e000     0x1000
 *(.eeprom_pic32 .eeprom_pic32.*)
 .eeprom_pic32.eedata_addr
                0x9d01e000     0x1000 build/default/production/chipKIT-libraries/EEPROM/utility/Deeprom.o
                0x9d01e000                eedata_addr

.image_ptr_table
                0x9d0000f8        0x8
                0x9d0000f8        0x4 LONG 0x9d000000 _ebase_address
                0x9d0000fc        0x4 LONG 0x9d0022fc _image_header_info

.app_excpt      0x9d000180       0x10
 *(.gen_handler)
 .gen_handler   0x9d000180       0x10 chipKIT-core/libCore.a(cpp-startup.S.o)

.vector_0       0x9d000200       0x14
                0x9d000200                _new_vector_0 = .
 *(.vector_new_0)
 .vector_new_0  0x9d000200       0x14 chipKIT-core/libCore.a(vector_table.S.o)
                0x9d000200                __vector_0
                0x9d000214                _original_vector_0 = .
 *(.vector_0)
                0x00000001                ASSERT (((_vector_spacing == 0x0) || (SIZEOF (.vector_0) <= (_vector_spacing << 0x5))), function at exception vector 0 too large)

.vector_1       0x9d000220       0x14
 *(.vector_new_1)
 .vector_new_1  0x9d000220       0x14 chipKIT-core/libCore.a(vector_table.S.o)
                0x9d000220                __vector_1
 *(.vector_1)
                0x00000001                ASSERT (((_vector_spacing == 0x0) || (SIZEOF (.vector_1) <= (_vector_spacing << 0x5))), function at exception vector 1 too large)

.vector_2       0x9d000240       0x14
 *(.vector_new_2)
 .vector_new_2  0x9d000240       0x14 chipKIT-core/libCore.a(vector_table.S.o)
                0x9d000240                __vector_2
 *(.vector_2)
                0x00000001                ASSERT (((_vector_spacing == 0x0) || (SIZEOF (.vector_2) <= (_vector_spacing << 0x5))), function at exception vector 2 too large)

.vector_3       0x9d000260       0x14
 *(.vector_new_3)
 .vector_new_3  0x9d000260       0x14 chipKIT-core/libCore.a(vector_table.S.o)
                0x9d000260                __vector_3
 *(.vector_3)
                0x00000001                ASSERT (((_vector_spacing == 0x0) || (SIZEOF (.vector_3) <= (_vector_spacing << 0x5))), function at exception vector 3 too large)

.vector_4       0x9d000280       0x14
 *(.vector_new_4)
 .vector_new_4  0x9d000280       0x14 chipKIT-core/libCore.a(vector_table.S.o)
                0x9d000280                __vector_4
 *(.vector_4)
                0x00000001                ASSERT (((_vector_spacing == 0x0) || (SIZEOF (.vector_4) <= (_vector_spacing << 0x5))), function at exception vector 4 too large)

.vector_5       0x9d0002a0       0x14
 *(.vector_new_5)
 .vector_new_5  0x9d0002a0       0x14 chipKIT-core/libCore.a(vector_table.S.o)
                0x9d0002a0                __vector_5
 *(.vector_5)
                0x00000001                ASSERT (((_vector_spacing == 0x0) || (SIZEOF (.vector_5) <= (_vector_spacing << 0x5))), function at exception vector 5 too large)

.vector_6       0x9d0002c0       0x14
 *(.vector_new_6)
 .vector_new_6  0x9d0002c0       0x14 chipKIT-core/libCore.a(vector_table.S.o)
                0x9d0002c0                __vector_6
 *(.vector_6)
                0x00000001                ASSERT (((_vector_spacing == 0x0) || (SIZEOF (.vector_6) <= (_vector_spacing << 0x5))), function at exception vector 6 too large)

.vector_7       0x9d0002e0       0x14
 *(.vector_new_7)
 .vector_new_7  0x9d0002e0       0x14 chipKIT-core/libCore.a(vector_table.S.o)
                0x9d0002e0                __vector_7
 *(.vector_7)
                0x00000001                ASSERT (((_vector_spacing == 0x0) || (SIZEOF (.vector_7) <= (_vector_spacing << 0x5))), function at exception vector 7 too large)

.vector_8       0x9d000300       0x14
 *(.vector_new_8)
 .vector_new_8  0x9d000300       0x14 chipKIT-core/libCore.a(vector_table.S.o)
                0x9d000300                __vector_8
 *(.vector_8)
                0x00000001                ASSERT (((_vector_spacing == 0x0) || (SIZEOF (.vector_8) <= (_vector_spacing << 0x5))), function at exception vector 8 too large)

.vector_9       0x9d000320       0x14
 *(.vector_new_9)
 .vector_new_9  0x9d000320       0x14 chipKIT-core/libCore.a(vector_table.S.o)
                0x9d000320                __vector_9
 *(.vector_9)
                0x00000001                ASSERT (((_vector_spacing == 0x0) || (SIZEOF (.vector_9) <= (_vector_spacing << 0x5))), function at exception vector 9 too large)

.vector_10      0x9d000340       0x14
 *(.vector_new_10)
 .vector_new_10
                0x9d000340       0x14 chipKIT-core/libCore.a(vector_table.S.o)
                0x9d000340                __vector_10
 *(.vector_10)
                0x00000001                ASSERT (((_vector_spacing == 0x0) || (SIZEOF (.vector_10) <= (_vector_spacing << 0x5))), function at exception vector 10 too large)

.vector_11      0x9d000360       0x14
 *(.vector_new_11)
 .vector_new_11
                0x9d000360       0x14 chipKIT-core/libCore.a(vector_table.S.o)
                0x9d000360                __vector_11
 *(.vector_11)
                0x00000001                ASSERT (((_vector_spacing == 0x0) || (SIZEOF (.vector_11) <= (_vector_spacing << 0x5))), function at exception vector 11 too large)

.vector_12      0x9d000380       0x14
 *(.vector_new_12)
 .vector_new_12
                0x9d000380       0x14 chipKIT-core/libCore.a(vector_table.S.o)
                0x9d000380                __vector_12
 *(.vector_12)
                0x00000001                ASSERT (((_vector_spacing == 0x0) || (SIZEOF (.vector_12) <= (_vector_spacing << 0x5))), function at exception vector 12 too large)

.vector_13      0x9d0003a0       0x14
 *(.vector_new_13)
 .vector_new_13
                0x9d0003a0       0x14 chipKIT-core/libCore.a(vector_table.S.o)
                0x9d0003a0                __vector_13
 *(.vector_13)
                0x00000001                ASSERT (((_vector_spacing == 0x0) || (SIZEOF (.vector_13) <= (_vector_spacing << 0x5))), function at exception vector 13 too large)

.vector_14      0x9d0003c0       0x14
 *(.vector_new_14)
 .vector_new_14
                0x9d0003c0       0x14 chipKIT-core/libCore.a(vector_table.S.o)
                0x9d0003c0                __vector_14
 *(.vector_14)
                0x00000001                ASSERT (((_vector_spacing == 0x0) || (SIZEOF (.vector_14) <= (_vector_spacing << 0x5))), function at exception vector 14 too large)

.vector_15      0x9d0003e0       0x14
 *(.vector_new_15)
 .vector_new_15
                0x9d0003e0       0x14 chipKIT-core/libCore.a(vector_table.S.o)
                0x9d0003e0                __vector_15
 *(.vector_15)
                0x00000001                ASSERT (((_vector_spacing == 0x0) || (SIZEOF (.vector_15) <= (_vector_spacing << 0x5))), function at exception vector 15 too large)

.vector_16      0x9d000400       0x14
 *(.vector_new_16)
 .vector_new_16
                0x9d000400       0x14 chipKIT-core/libCore.a(vector_table.S.o)
                0x9d000400                __vector_16
 *(.vector_16)
                0x00000001                ASSERT (((_vector_spacing == 0x0) || (SIZEOF (.vector_16) <= (_vector_spacing << 0x5))), function at exception vector 16 too large)

.vector_17      0x9d000420       0x14
 *(.vector_new_17)
 .vector_new_17
                0x9d000420       0x14 chipKIT-core/libCore.a(vector_table.S.o)
                0x9d000420                __vector_17
 *(.vector_17)
                0x00000001                ASSERT (((_vector_spacing == 0x0) || (SIZEOF (.vector_17) <= (_vector_spacing << 0x5))), function at exception vector 17 too large)

.vector_18      0x9d000440       0x14
 *(.vector_new_18)
 .vector_new_18
                0x9d000440       0x14 chipKIT-core/libCore.a(vector_table.S.o)
                0x9d000440                __vector_18
 *(.vector_18)
                0x00000001                ASSERT (((_vector_spacing == 0x0) || (SIZEOF (.vector_18) <= (_vector_spacing << 0x5))), function at exception vector 18 too large)

.vector_19      0x9d000460       0x14
 *(.vector_new_19)
 .vector_new_19
                0x9d000460       0x14 chipKIT-core/libCore.a(vector_table.S.o)
                0x9d000460                __vector_19
 *(.vector_19)
                0x00000001                ASSERT (((_vector_spacing == 0x0) || (SIZEOF (.vector_19) <= (_vector_spacing << 0x5))), function at exception vector 19 too large)

.vector_20      0x9d000480       0x14
 *(.vector_new_20)
 .vector_new_20
                0x9d000480       0x14 chipKIT-core/libCore.a(vector_table.S.o)
                0x9d000480                __vector_20
 *(.vector_20)
                0x00000001                ASSERT (((_vector_spacing == 0x0) || (SIZEOF (.vector_20) <= (_vector_spacing << 0x5))), function at exception vector 20 too large)

.vector_21      0x9d0004a0       0x14
 *(.vector_new_21)
 .vector_new_21
                0x9d0004a0       0x14 chipKIT-core/libCore.a(vector_table.S.o)
                0x9d0004a0                __vector_21
 *(.vector_21)
                0x00000001                ASSERT (((_vector_spacing == 0x0) || (SIZEOF (.vector_21) <= (_vector_spacing << 0x5))), function at exception vector 21 too large)

.vector_22      0x9d0004c0       0x14
 *(.vector_new_22)
 .vector_new_22
                0x9d0004c0       0x14 chipKIT-core/libCore.a(vector_table.S.o)
                0x9d0004c0                __vector_22
 *(.vector_22)
                0x00000001                ASSERT (((_vector_spacing == 0x0) || (SIZEOF (.vector_22) <= (_vector_spacing << 0x5))), function at exception vector 22 too large)

.vector_23      0x9d0004e0       0x14
 *(.vector_new_23)
 .vector_new_23
                0x9d0004e0       0x14 chipKIT-core/libCore.a(vector_table.S.o)
                0x9d0004e0                __vector_23
 *(.vector_23)
                0x00000001                ASSERT (((_vector_spacing == 0x0) || (SIZEOF (.vector_23) <= (_vector_spacing << 0x5))), function at exception vector 23 too large)

.vector_24      0x9d000500       0x14
 *(.vector_new_24)
 .vector_new_24
                0x9d000500       0x14 chipKIT-core/libCore.a(vector_table.S.o)
                0x9d000500                __vector_24
 *(.vector_24)
                0x00000001                ASSERT (((_vector_spacing == 0x0) || (SIZEOF (.vector_24) <= (_vector_spacing << 0x5))), function at exception vector 24 too large)

.vector_25      0x9d000520       0x14
 *(.vector_new_25)
 .vector_new_25
                0x9d000520       0x14 chipKIT-core/libCore.a(vector_table.S.o)
                0x9d000520                __vector_25
 *(.vector_25)
                0x00000001                ASSERT (((_vector_spacing == 0x0) || (SIZEOF (.vector_25) <= (_vector_spacing << 0x5))), function at exception vector 25 too large)

.vector_26      0x9d000540       0x14
 *(.vector_new_26)
 .vector_new_26
                0x9d000540       0x14 chipKIT-core/libCore.a(vector_table.S.o)
                0x9d000540                __vector_26
 *(.vector_26)
                0x00000001                ASSERT (((_vector_spacing == 0x0) || (SIZEOF (.vector_26) <= (_vector_spacing << 0x5))), function at exception vector 26 too large)

.vector_27      0x9d000560       0x14
 *(.vector_new_27)
 .vector_new_27
                0x9d000560       0x14 chipKIT-core/libCore.a(vector_table.S.o)
                0x9d000560                __vector_27
 *(.vector_27)
                0x00000001                ASSERT (((_vector_spacing == 0x0) || (SIZEOF (.vector_27) <= (_vector_spacing << 0x5))), function at exception vector 27 too large)

.vector_28      0x9d000580       0x14
 *(.vector_new_28)
 .vector_new_28
                0x9d000580       0x14 chipKIT-core/libCore.a(vector_table.S.o)
                0x9d000580                __vector_28
 *(.vector_28)
                0x00000001                ASSERT (((_vector_spacing == 0x0) || (SIZEOF (.vector_28) <= (_vector_spacing << 0x5))), function at exception vector 28 too large)

.vector_29      0x9d0005a0       0x14
 *(.vector_new_29)
 .vector_new_29
                0x9d0005a0       0x14 chipKIT-core/libCore.a(vector_table.S.o)
                0x9d0005a0                __vector_29
 *(.vector_29)
                0x00000001                ASSERT (((_vector_spacing == 0x0) || (SIZEOF (.vector_29) <= (_vector_spacing << 0x5))), function at exception vector 29 too large)

.vector_30      0x9d0005c0       0x1c
 *(.vector_new_30)
 .vector_new_30
                0x9d0005c0       0x14 chipKIT-core/libCore.a(vector_table.S.o)
                0x9d0005c0                __vector_30
 *(.vector_30)
 .vector_30     0x9d0005d4        0x8 chipKIT-core/libCore.a(HardwareSerial_usb.c.o)
                0x9d0005d4                __vector_dispatch_30
                0x00000001                ASSERT (((_vector_spacing == 0x0) || (SIZEOF (.vector_30) <= (_vector_spacing << 0x5))), function at exception vector 30 too large)

.vector_31      0x9d0005e0       0x14
 *(.vector_new_31)
 .vector_new_31
                0x9d0005e0       0x14 chipKIT-core/libCore.a(vector_table.S.o)
                0x9d0005e0                __vector_31
 *(.vector_31)
                0x00000001                ASSERT (((_vector_spacing == 0x0) || (SIZEOF (.vector_31) <= (_vector_spacing << 0x5))), function at exception vector 31 too large)

.vector_32      0x9d000600       0x14
 *(.vector_new_32)
 .vector_new_32
                0x9d000600       0x14 chipKIT-core/libCore.a(vector_table.S.o)
                0x9d000600                __vector_32
 *(.vector_32)
                0x00000001                ASSERT (((_vector_spacing == 0x0) || (SIZEOF (.vector_32) <= (_vector_spacing << 0x5))), function at exception vector 32 too large)

.vector_33      0x9d000620       0x14
 *(.vector_new_33)
 .vector_new_33
                0x9d000620       0x14 chipKIT-core/libCore.a(vector_table.S.o)
                0x9d000620                __vector_33
 *(.vector_33)
                0x00000001                ASSERT (((_vector_spacing == 0x0) || (SIZEOF (.vector_33) <= (_vector_spacing << 0x5))), function at exception vector 33 too large)

.vector_34      0x9d000640       0x14
 *(.vector_new_34)
 .vector_new_34
                0x9d000640       0x14 chipKIT-core/libCore.a(vector_table.S.o)
                0x9d000640                __vector_34
 *(.vector_34)
                0x00000001                ASSERT (((_vector_spacing == 0x0) || (SIZEOF (.vector_34) <= (_vector_spacing << 0x5))), function at exception vector 34 too large)

.vector_35      0x9d000660       0x14
 *(.vector_new_35)
 .vector_new_35
                0x9d000660       0x14 chipKIT-core/libCore.a(vector_table.S.o)
                0x9d000660                __vector_35
 *(.vector_35)
                0x00000001                ASSERT (((_vector_spacing == 0x0) || (SIZEOF (.vector_35) <= (_vector_spacing << 0x5))), function at exception vector 35 too large)

.vector_36      0x9d000680       0x14
 *(.vector_new_36)
 .vector_new_36
                0x9d000680       0x14 chipKIT-core/libCore.a(vector_table.S.o)
                0x9d000680                __vector_36
 *(.vector_36)
                0x00000001                ASSERT (((_vector_spacing == 0x0) || (SIZEOF (.vector_36) <= (_vector_spacing << 0x5))), function at exception vector 36 too large)

.vector_37      0x9d0006a0       0x14
 *(.vector_new_37)
 .vector_new_37
                0x9d0006a0       0x14 chipKIT-core/libCore.a(vector_table.S.o)
                0x9d0006a0                __vector_37
 *(.vector_37)
                0x00000001                ASSERT (((_vector_spacing == 0x0) || (SIZEOF (.vector_37) <= (_vector_spacing << 0x5))), function at exception vector 37 too large)

.vector_38      0x9d0006c0       0x14
 *(.vector_new_38)
 .vector_new_38
                0x9d0006c0       0x14 chipKIT-core/libCore.a(vector_table.S.o)
                0x9d0006c0                __vector_38
 *(.vector_38)
                0x00000001                ASSERT (((_vector_spacing == 0x0) || (SIZEOF (.vector_38) <= (_vector_spacing << 0x5))), function at exception vector 38 too large)

.vector_39      0x9d0006e0       0x14
 *(.vector_new_39)
 .vector_new_39
                0x9d0006e0       0x14 chipKIT-core/libCore.a(vector_table.S.o)
                0x9d0006e0                __vector_39
 *(.vector_39)
                0x00000001                ASSERT (((_vector_spacing == 0x0) || (SIZEOF (.vector_39) <= (_vector_spacing << 0x5))), function at exception vector 39 too large)

.vector_40      0x9d000700       0x14
 *(.vector_new_40)
 .vector_new_40
                0x9d000700       0x14 chipKIT-core/libCore.a(vector_table.S.o)
                0x9d000700                __vector_40
 *(.vector_40)
                0x00000001                ASSERT (((_vector_spacing == 0x0) || (SIZEOF (.vector_40) <= (_vector_spacing << 0x5))), function at exception vector 40 too large)

.vector_41      0x9d000720       0x14
 *(.vector_new_41)
 .vector_new_41
                0x9d000720       0x14 chipKIT-core/libCore.a(vector_table.S.o)
                0x9d000720                __vector_41
 *(.vector_41)
                0x00000001                ASSERT (((_vector_spacing == 0x0) || (SIZEOF (.vector_41) <= (_vector_spacing << 0x5))), function at exception vector 41 too large)

.vector_42      0x9d000740       0x14
 *(.vector_new_42)
 .vector_new_42
                0x9d000740       0x14 chipKIT-core/libCore.a(vector_table.S.o)
                0x9d000740                __vector_42
 *(.vector_42)
                0x00000001                ASSERT (((_vector_spacing == 0x0) || (SIZEOF (.vector_42) <= (_vector_spacing << 0x5))), function at exception vector 42 too large)

.vector_43      0x9d000760       0x14
 *(.vector_new_43)
 .vector_new_43
                0x9d000760       0x14 chipKIT-core/libCore.a(vector_table.S.o)
                0x9d000760                __vector_43
 *(.vector_43)
                0x00000001                ASSERT (((_vector_spacing == 0x0) || (SIZEOF (.vector_43) <= (_vector_spacing << 0x5))), function at exception vector 43 too large)

.vector_44      0x9d000780       0x14
 *(.vector_new_44)
 .vector_new_44
                0x9d000780       0x14 chipKIT-core/libCore.a(vector_table.S.o)
                0x9d000780                __vector_44
 *(.vector_44)
                0x00000001                ASSERT (((_vector_spacing == 0x0) || (SIZEOF (.vector_44) <= (_vector_spacing << 0x5))), function at exception vector 44 too large)

.vector_45      0x9d0007a0       0x14
 *(.vector_new_45)
 .vector_new_45
                0x9d0007a0       0x14 chipKIT-core/libCore.a(vector_table.S.o)
                0x9d0007a0                __vector_45
 *(.vector_45)
                0x00000001                ASSERT (((_vector_spacing == 0x0) || (SIZEOF (.vector_45) <= (_vector_spacing << 0x5))), function at exception vector 45 too large)

.vector_46      0x9d0007c0       0x14
 *(.vector_new_46)
 .vector_new_46
                0x9d0007c0       0x14 chipKIT-core/libCore.a(vector_table.S.o)
                0x9d0007c0                __vector_46
 *(.vector_46)
                0x00000001                ASSERT (((_vector_spacing == 0x0) || (SIZEOF (.vector_46) <= (_vector_spacing << 0x5))), function at exception vector 46 too large)

.vector_47      0x9d0007e0       0x14
 *(.vector_new_47)
 .vector_new_47
                0x9d0007e0       0x14 chipKIT-core/libCore.a(vector_table.S.o)
                0x9d0007e0                __vector_47
 *(.vector_47)
                0x00000001                ASSERT (((_vector_spacing == 0x0) || (SIZEOF (.vector_47) <= (_vector_spacing << 0x5))), function at exception vector 47 too large)

.vector_48      0x9d000800       0x14
 *(.vector_new_48)
 .vector_new_48
                0x9d000800       0x14 chipKIT-core/libCore.a(vector_table.S.o)
                0x9d000800                __vector_48
 *(.vector_48)
                0x00000001                ASSERT (((_vector_spacing == 0x0) || (SIZEOF (.vector_48) <= (_vector_spacing << 0x5))), function at exception vector 48 too large)

.vector_49      0x9d000820       0x14
 *(.vector_new_49)
 .vector_new_49
                0x9d000820       0x14 chipKIT-core/libCore.a(vector_table.S.o)
                0x9d000820                __vector_49
 *(.vector_49)
                0x00000001                ASSERT (((_vector_spacing == 0x0) || (SIZEOF (.vector_49) <= (_vector_spacing << 0x5))), function at exception vector 49 too large)

.vector_50      0x9d000840       0x14
 *(.vector_new_50)
 .vector_new_50
                0x9d000840       0x14 chipKIT-core/libCore.a(vector_table.S.o)
                0x9d000840                __vector_50
 *(.vector_50)
                0x00000001                ASSERT (((_vector_spacing == 0x0) || (SIZEOF (.vector_50) <= (_vector_spacing << 0x5))), function at exception vector 50 too large)

.vector_51      0x9d000860       0x14
 *(.vector_new_51)
 .vector_new_51
                0x9d000860       0x14 chipKIT-core/libCore.a(vector_table.S.o)
                0x9d000860                __vector_51
 *(.vector_51)
                0x00000001                ASSERT (((_vector_spacing == 0x0) || (SIZEOF (.vector_51) <= (_vector_spacing << 0x5))), function at exception vector 51 too large)

.vector_52      0x9d000880       0x14
 *(.vector_new_52)
 .vector_new_52
                0x9d000880       0x14 chipKIT-core/libCore.a(vector_table.S.o)
                0x9d000880                __vector_52
 *(.vector_52)
                0x00000001                ASSERT (((_vector_spacing == 0x0) || (SIZEOF (.vector_52) <= (_vector_spacing << 0x5))), function at exception vector 52 too large)

.vector_53      0x9d0008a0       0x14
 *(.vector_new_53)
 .vector_new_53
                0x9d0008a0       0x14 chipKIT-core/libCore.a(vector_table.S.o)
                0x9d0008a0                __vector_53
 *(.vector_53)
                0x00000001                ASSERT (((_vector_spacing == 0x0) || (SIZEOF (.vector_53) <= (_vector_spacing << 0x5))), function at exception vector 53 too large)

.vector_54      0x9d0008c0       0x14
 *(.vector_new_54)
 .vector_new_54
                0x9d0008c0       0x14 chipKIT-core/libCore.a(vector_table.S.o)
                0x9d0008c0                __vector_54
 *(.vector_54)
                0x00000001                ASSERT (((_vector_spacing == 0x0) || (SIZEOF (.vector_54) <= (_vector_spacing << 0x5))), function at exception vector 54 too large)

.vector_55      0x9d0008e0       0x14
 *(.vector_new_55)
 .vector_new_55
                0x9d0008e0       0x14 chipKIT-core/libCore.a(vector_table.S.o)
                0x9d0008e0                __vector_55
 *(.vector_55)
                0x00000001                ASSERT (((_vector_spacing == 0x0) || (SIZEOF (.vector_55) <= (_vector_spacing << 0x5))), function at exception vector 55 too large)

.vector_56      0x9d000900       0x14
 *(.vector_new_56)
 .vector_new_56
                0x9d000900       0x14 chipKIT-core/libCore.a(vector_table.S.o)
                0x9d000900                __vector_56
 *(.vector_56)
                0x00000001                ASSERT (((_vector_spacing == 0x0) || (SIZEOF (.vector_56) <= (_vector_spacing << 0x5))), function at exception vector 56 too large)

.vector_57      0x9d000920       0x14
 *(.vector_new_57)
 .vector_new_57
                0x9d000920       0x14 chipKIT-core/libCore.a(vector_table.S.o)
                0x9d000920                __vector_57
 *(.vector_57)
                0x00000001                ASSERT (((_vector_spacing == 0x0) || (SIZEOF (.vector_57) <= (_vector_spacing << 0x5))), function at exception vector 57 too large)

.vector_58      0x9d000940       0x14
 *(.vector_new_58)
 .vector_new_58
                0x9d000940       0x14 chipKIT-core/libCore.a(vector_table.S.o)
                0x9d000940                __vector_58
 *(.vector_58)
                0x00000001                ASSERT (((_vector_spacing == 0x0) || (SIZEOF (.vector_58) <= (_vector_spacing << 0x5))), function at exception vector 58 too large)

.vector_59      0x9d000960       0x14
 *(.vector_new_59)
 .vector_new_59
                0x9d000960       0x14 chipKIT-core/libCore.a(vector_table.S.o)
                0x9d000960                __vector_59
 *(.vector_59)
                0x00000001                ASSERT (((_vector_spacing == 0x0) || (SIZEOF (.vector_59) <= (_vector_spacing << 0x5))), function at exception vector 59 too large)

.vector_60      0x9d000980       0x14
 *(.vector_new_60)
 .vector_new_60
                0x9d000980       0x14 chipKIT-core/libCore.a(vector_table.S.o)
                0x9d000980                __vector_60
 *(.vector_60)
                0x00000001                ASSERT (((_vector_spacing == 0x0) || (SIZEOF (.vector_60) <= (_vector_spacing << 0x5))), function at exception vector 60 too large)

.vector_61      0x9d0009a0       0x14
 *(.vector_new_61)
 .vector_new_61
                0x9d0009a0       0x14 chipKIT-core/libCore.a(vector_table.S.o)
                0x9d0009a0                __vector_61
 *(.vector_61)
                0x00000001                ASSERT (((_vector_spacing == 0x0) || (SIZEOF (.vector_61) <= (_vector_spacing << 0x5))), function at exception vector 61 too large)

.vector_62      0x9d0009c0       0x14
 *(.vector_new_62)
 .vector_new_62
                0x9d0009c0       0x14 chipKIT-core/libCore.a(vector_table.S.o)
                0x9d0009c0                __vector_62
 *(.vector_62)
                0x00000001                ASSERT (((_vector_spacing == 0x0) || (SIZEOF (.vector_62) <= (_vector_spacing << 0x5))), function at exception vector 62 too large)

.vector_63      0x9d0009e0       0x14
 *(.vector_new_63)
 .vector_new_63
                0x9d0009e0       0x14 chipKIT-core/libCore.a(vector_table.S.o)
                0x9d0009e0                __vector_63
 *(.vector_63)
                0x00000001                ASSERT (((_vector_spacing == 0x0) || (SIZEOF (.vector_63) <= (_vector_spacing << 0x5))), function at exception vector 63 too large)

.startup        0x9d001008      0x200
 *(.startup)
 .startup       0x9d001008      0x200 chipKIT-core/libCore.a(cpp-startup.S.o)

.text           0x9d001208     0x1090
                0x9d001208                _text_begin = .
 *(.stub .gnu.linkonce.t.*)
 .gnu.linkonce.t._ZN6StringpLEh
                0x9d001208       0x4c build/default/production/chipKIT-libraries/BoardLib/XTREMIS_Library.o
                0x9d001208                String::operator+=(unsigned char)
 .gnu.linkonce.t._ZN4DSPI8transferEh
                0x9d001254       0x4c build/default/production/chipKIT-libraries/BoardLib/XTREMIS_Library.o
                0x9d001254                DSPI::transfer(unsigned char)
 .gnu.linkonce.t._ZN4DSPI8transferEi
                0x9d0012a0       0x44 build/default/production/chipKIT-libraries/BoardLib/XTREMIS_Library.o
                0x9d0012a0                DSPI::transfer(int)
 .gnu.linkonce.t._ZN4DSPI9setSelectEh
                0x9d0012e4       0x50 build/default/production/chipKIT-libraries/DSPI/DSPI.o
                0x9d0012e4                DSPI::setSelect(unsigned char)
 .gnu.linkonce.t._ZN5DGSPIC2Ev
                0x9d001334       0x34 build/default/production/chipKIT-libraries/DSPI/DSPI.o
                0x9d001334                DGSPI::DGSPI()
 .gnu.linkonce.t._ZNK7Sd2Card4typeEv
                0x9d001368       0x2c build/default/production/chipKIT-libraries/OBCI32_SD/utility/Sd2Card.o
                0x9d001368                Sd2Card::type() const
 .gnu.linkonce.t._ZN7Sd2Card5errorEh
                0x9d001394       0x38 build/default/production/chipKIT-libraries/OBCI32_SD/utility/Sd2Card.o
                0x9d001394                Sd2Card::error(unsigned char)
 .gnu.linkonce.t._ZN7Sd2Card4typeEh
                0x9d0013cc       0x38 build/default/production/chipKIT-libraries/OBCI32_SD/utility/Sd2Card.o
                0x9d0013cc                Sd2Card::type(unsigned char)
 .gnu.linkonce.t._ZN7Sd2Card8cardAcmdEhm
                0x9d001404       0x64 build/default/production/chipKIT-libraries/OBCI32_SD/utility/Sd2Card.o
                0x9d001404                Sd2Card::cardAcmd(unsigned char, unsigned long)
 .gnu.linkonce.t._ZN7Sd2Card7readCSDEP5csd_t
                0x9d001468       0x44 build/default/production/chipKIT-libraries/OBCI32_SD/utility/Sd2Card.o
                0x9d001468                Sd2Card::readCSD(csd_t*)
 .gnu.linkonce.t._ZN5Print13setWriteErrorEi
                0x9d0014ac       0x34 build/default/production/chipKIT-libraries/OBCI32_SD/utility/SdFile.o
                0x9d0014ac                Print::setWriteError(int)
 .gnu.linkonce.t._ZN5PrintC2Ev
                0x9d0014e0       0x3c build/default/production/chipKIT-libraries/OBCI32_SD/utility/SdFile.o
                0x9d0014e0                Print::Print()
 .gnu.linkonce.t._ZN6SdFileC1Ev
                0x9d00151c       0x54 build/default/production/chipKIT-libraries/OBCI32_SD/utility/SdFile.o
                0x9d00151c                SdFile::SdFile()
 .gnu.linkonce.t._ZNK6SdFile5isDirEv
                0x9d001570       0x38 build/default/production/chipKIT-libraries/OBCI32_SD/utility/SdFile.o
                0x9d001570                SdFile::isDir() const
 .gnu.linkonce.t._ZNK6SdFile6isFileEv
                0x9d0015a8       0x38 build/default/production/chipKIT-libraries/OBCI32_SD/utility/SdFile.o
                0x9d0015a8                SdFile::isFile() const
 .gnu.linkonce.t._ZNK6SdFile6isOpenEv
                0x9d0015e0       0x34 build/default/production/chipKIT-libraries/OBCI32_SD/utility/SdFile.o
                0x9d0015e0                SdFile::isOpen() const
 .gnu.linkonce.t._ZN6SdFile6rewindEv
                0x9d001614       0x3c build/default/production/chipKIT-libraries/OBCI32_SD/utility/SdFile.o
                0x9d001614                SdFile::rewind()
 .gnu.linkonce.t._ZNK6SdFile14unbufferedReadEv
                0x9d001650       0x34 build/default/production/chipKIT-libraries/OBCI32_SD/utility/SdFile.o
                0x9d001650                SdFile::unbufferedRead() const
 .gnu.linkonce.t._ZNK8SdVolume7fatTypeEv
                0x9d001684       0x2c build/default/production/chipKIT-libraries/OBCI32_SD/utility/SdFile.o
                0x9d001684                SdVolume::fatType() const
 .gnu.linkonce.t._ZNK8SdVolume17rootDirEntryCountEv
                0x9d0016b0       0x2c build/default/production/chipKIT-libraries/OBCI32_SD/utility/SdFile.o
                0x9d0016b0                SdVolume::rootDirEntryCount() const
 .gnu.linkonce.t._ZNK8SdVolume12rootDirStartEv
                0x9d0016dc       0x2c build/default/production/chipKIT-libraries/OBCI32_SD/utility/SdFile.o
                0x9d0016dc                SdVolume::rootDirStart() const
 .gnu.linkonce.t._ZNK8SdVolume14blockOfClusterEm
                0x9d001708       0x4c build/default/production/chipKIT-libraries/OBCI32_SD/utility/SdFile.o
                0x9d001708                SdVolume::blockOfCluster(unsigned long) const
 .gnu.linkonce.t._ZNK8SdVolume17clusterStartBlockEm
                0x9d001754       0x48 build/default/production/chipKIT-libraries/OBCI32_SD/utility/SdFile.o
                0x9d001754                SdVolume::clusterStartBlock(unsigned long) const
 .gnu.linkonce.t._ZN8SdVolume13cacheSetDirtyEv
                0x9d00179c       0x34 build/default/production/chipKIT-libraries/OBCI32_SD/utility/SdFile.o
                0x9d00179c                SdVolume::cacheSetDirty()
 .gnu.linkonce.t._ZN8SdVolume9fatPutEOCEm
                0x9d0017d0       0x48 build/default/production/chipKIT-libraries/OBCI32_SD/utility/SdFile.o
                0x9d0017d0                SdVolume::fatPutEOC(unsigned long)
 .gnu.linkonce.t._ZNK8SdVolume5isEOCEm
                0x9d001818       0x60 build/default/production/chipKIT-libraries/OBCI32_SD/utility/SdFile.o
                0x9d001818                SdVolume::isEOC(unsigned long) const
 .gnu.linkonce.t._ZN8SdVolume8readDataEmttPh
                0x9d001878       0x68 build/default/production/chipKIT-libraries/OBCI32_SD/utility/SdFile.o
                0x9d001878                SdVolume::readData(unsigned long, unsigned short, unsigned short, unsigned char*)
 .gnu.linkonce.t._ZN8SdVolume10writeBlockEmPKh
                0x9d0018e0       0x4c build/default/production/chipKIT-libraries/OBCI32_SD/utility/SdFile.o
                0x9d0018e0                SdVolume::writeBlock(unsigned long, unsigned char const*)
 .gnu.linkonce.t._ZN6SdFile4readEv
                0x9d00192c       0x68 build/default/production/chipKIT-libraries/OBCI32_SD/utility/SdFile.o
                0x9d00192c                SdFile::read()
 .gnu.linkonce.t._ZN6SdFile7seekEndEv
                0x9d001994       0x44 build/default/production/chipKIT-libraries/OBCI32_SD/utility/SdFile.o
                0x9d001994                SdFile::seekEnd()
 .gnu.linkonce.t._ZN7Sd2CardC1Ev
                0x9d0019d8       0x84 build/default/production/chipKIT-libraries/OBCI32_SD/XTREMIS_SD.o
                0x9d0019d8                Sd2Card::Sd2Card()
 .gnu.linkonce.t._ZN6SdFile8openRootER8SdVolume
                0x9d001a5c       0x40 build/default/production/chipKIT-libraries/OBCI32_SD/XTREMIS_SD.o
                0x9d001a5c                SdFile::openRoot(SdVolume&)
 .gnu.linkonce.t._ZN6SdFile6removeERS_PKc
                0x9d001a9c       0x40 build/default/production/chipKIT-libraries/OBCI32_SD/XTREMIS_SD.o
                0x9d001a9c                SdFile::remove(SdFile&, char const*)
 .gnu.linkonce.t._ZN8SdVolumeC1Ev
                0x9d001adc       0x38 build/default/production/chipKIT-libraries/OBCI32_SD/XTREMIS_SD.o
                0x9d001adc                SdVolume::SdVolume()
 .gnu.linkonce.t._ZN8SdVolume4initEP7Sd2Card
                0x9d001b14       0x6c build/default/production/chipKIT-libraries/OBCI32_SD/XTREMIS_SD.o
                0x9d001b14                SdVolume::init(Sd2Card*)
 .gnu.linkonce.t._ZN8SdVolume4initER7Sd2Card
                0x9d001b80       0x40 build/default/production/chipKIT-libraries/OBCI32_SD/XTREMIS_SD.o
                0x9d001b80                SdVolume::init(Sd2Card&)
 .gnu.linkonce.t._ZN7SDClassC1ER7Sd2Card
                0x9d001bc0       0x64 build/default/production/chipKIT-libraries/OBCI32_SD/XTREMIS_SD.o
                0x9d001bc0                SDClass::SDClass(Sd2Card&)
 .gnu.linkonce.t._ZNK6StringneEPKc
                0x9d001c24       0x48 build/default/production/source/DefaultBoard.o
                0x9d001c24                String::operator!=(char const*) const
 .gnu.linkonce.t._ZN7Sd2CardC1EP5DSPI0h
                0x9d001c6c       0x68 build/default/production/source/DefaultBoard.o
                0x9d001c6c                Sd2Card::Sd2Card(DSPI0*, unsigned char)
 .gnu.linkonce.t._ZN6SdFile16createContiguousERS_PKcm
                0x9d001cd4       0x50 build/default/production/source/DefaultBoard.o
                0x9d001cd4                SdFile::createContiguous(SdFile&, char const*, unsigned long)
 .gnu.linkonce.t._ZN8SdVolume10cacheClearEv
                0x9d001d24       0x3c build/default/production/source/DefaultBoard.o
                0x9d001d24                SdVolume::cacheClear()
 *(.text.*personality*)
 .text.__gxx_personality_sj0
                0x9d001d60      0x538 /Applications/microchip/xc32/v1.44/bin/bin/../../lib/gcc/pic32mx/4.8.3/../../../../pic32mx/lib/longdouble/libsupc++.a(eh_personality.o)
                0x9d001d60                __gxx_personality_sj0
 *(.mips16.fn.*)
 *(.mips16.call.*)
 *(.gnu.warning)
                0x9d002298                . = ALIGN (0x4)

.init           0x9d002298       0x24
 *crti.o(.init)
 *crtbegin.o(.init)
 .init          0x9d002298        0x8 /Applications/microchip/xc32/v1.44/bin/bin/../../lib/gcc/pic32mx/4.8.3/longdouble/crtbegin.o
 *(EXCLUDE_FILE(*crtn.o *crtend?.o *crtend.o) .init)
 .init          0x9d0022a0        0x8 chipKIT-core/libCore.a(crti.S.o)
                0x9d0022a0                _init
 *crtend.o(.init)
 .init          0x9d0022a8        0x8 /Applications/microchip/xc32/v1.44/bin/bin/../../lib/gcc/pic32mx/4.8.3/longdouble/crtend.o
 *crtn.o(.init)
 .init          0x9d0022b0        0xc /Applications/microchip/xc32/v1.44/bin/bin/../../lib/gcc/pic32mx/4.8.3/longdouble/crtn.o
                0x9d0022bc                . = ALIGN (0x4)

.fini           0x9d0022bc       0x1c
 *(.fini)
 .fini          0x9d0022bc        0x8 chipKIT-core/libCore.a(crti.S.o)
                0x9d0022bc                _fini
 .fini          0x9d0022c4        0x8 /Applications/microchip/xc32/v1.44/bin/bin/../../lib/gcc/pic32mx/4.8.3/longdouble/crtbegin.o
 .fini          0x9d0022cc        0xc /Applications/microchip/xc32/v1.44/bin/bin/../../lib/gcc/pic32mx/4.8.3/longdouble/crtn.o
                0x9d0022d8                . = ALIGN (0x4)

.preinit_array  0x9d0022d8        0x0
                0x9d0022d8                PROVIDE (__preinit_array_start, .)
 *(.preinit_array)
                0x9d0022d8                . = ALIGN (0x4)
                0x9d0022d8                PROVIDE (__preinit_array_end, .)
 *(.preinit_array)
                0x9d0022d8                . = ALIGN (0x4)

.init_array     0x9d0022d8        0x0
                0x9d0022d8                PROVIDE (__init_array_start, .)
 *(SORT(.init_array.*))
 *(.init_array)
                0x9d0022d8                . = ALIGN (0x4)
                0x9d0022d8                PROVIDE (__init_array_end, .)

.fini_array     0x9d0022d8        0x0
                0x9d0022d8                PROVIDE (__fini_array_start, .)
 *(SORT(.fini_array.*))
 *(.fini_array)
                0x9d0022d8                . = ALIGN (0x4)
                0x9d0022d8                PROVIDE (__fini_array_end, .)

.ctors          0x9d0022d8       0x1c
 *crtbegin.o(.ctors)
 .ctors         0x9d0022d8        0x4 /Applications/microchip/xc32/v1.44/bin/bin/../../lib/gcc/pic32mx/4.8.3/longdouble/crtbegin.o
 *crtbegin?.o(.ctors)
 *(EXCLUDE_FILE(*crtend?.o *crtend.o) .ctors)
 .ctors         0x9d0022dc        0x4 build/default/production/chipKIT-libraries/BoardLib/XTREMIS_Library.o
 .ctors         0x9d0022e0        0x4 build/default/production/chipKIT-libraries/EEPROM/EEPROM.o
 .ctors         0x9d0022e4        0x4 build/default/production/chipKIT-libraries/OBCI32_SD/XTREMIS_SD.o
 .ctors         0x9d0022e8        0x4 build/default/production/source/DefaultBoard.o
 .ctors         0x9d0022ec        0x4 chipKIT-core/libCore.a(HardwareSerial.cpp.o)
 *(SORT(.ctors.*))
 *(.ctors)
 .ctors         0x9d0022f0        0x4 /Applications/microchip/xc32/v1.44/bin/bin/../../lib/gcc/pic32mx/4.8.3/longdouble/crtend.o
                0x9d0022f4                . = ALIGN (0x4)

.dtors          0x9d0022f4        0x8
 *crtbegin.o(.dtors)
 .dtors         0x9d0022f4        0x4 /Applications/microchip/xc32/v1.44/bin/bin/../../lib/gcc/pic32mx/4.8.3/longdouble/crtbegin.o
 *crtbegin?.o(.dtors)
 *(EXCLUDE_FILE(*crtend?.o *crtend.o) .dtors)
 *(SORT(.dtors.*))
 *(.dtors)
 .dtors         0x9d0022f8        0x4 /Applications/microchip/xc32/v1.44/bin/bin/../../lib/gcc/pic32mx/4.8.3/longdouble/crtend.o
                0x9d0022f8                __DTOR_END__
                0x9d0022fc                . = ALIGN (0x4)

.header_info    0x9d0022fc       0x4c
                0x9d0022fc                _image_header_info = .
                0x9d0022fc        0x4 LONG 0x4c SIZEOF (.header_info)
                0x9d002300        0x4 LONG 0xffffffff
 *(.mpide_version *.mpide_version.*)
 .mpide_version._verMPIDE_Stub
                0x9d002304        0x4 chipKIT-core/libCore.a(wiring.c.o)
                0x9d002304                _verMPIDE_Stub
                0x9d002308        0x4 LONG 0xffffffff
                0x9d00230c        0x4 LONG 0xffffffff
                0x9d002310        0x4 LONG 0x1020001 _IMAGE_TYPE
                0x9d002314        0x4 LONG 0x9d001000 _JUMP_ADDR
                0x9d002318        0x4 LONG 0x9d000000 _ebase_address
                0x9d00231c        0x4 LONG 0x1e000 _IMAGE_FLASH_SIZE
                0x9d002320        0x4 LONG 0x9d01e000 ORIGIN (kseg0_eeprom_mem)
                0x9d002324        0x4 LONG 0x1000
                0x9d002328        0x4 LONG 0xbfc00bf0 ORIGIN (configsfrs)
                0x9d00232c        0x4 LONG 0x10
                0x9d002330        0x4 LONG 0xa0000200 _ram_header_addr
                0x9d002334        0x4 LONG 0x8 SIZEOF (.ram_exchange_data)
                0x9d002338        0x4 LONG 0xffffffff
                0x9d00233c        0x4 LONG 0x9d000214 _original_vector_0
                0x9d002340        0x4 LONG 0x9d000200 _new_vector_0
                0x9d002344        0x4 LONG 0x20 (_vector_spacing << 0x5)
                0x9d002348                _image_header_info_end = .
                0x00000001                ASSERT ((SIZEOF (.header_info) == 0x4c), MPIDE Version not specfied correctly)

.rodata         0x9d002348      0x370
 *(.gnu.linkonce.r.*)
 .gnu.linkonce.r._ZTI5DGSPI._ZTI5DGSPI
                0x9d002348        0x8 build/default/production/chipKIT-libraries/DSPI/DSPI.o
                0x9d002348                typeinfo for DGSPI
 .gnu.linkonce.r._ZTS5DGSPI._ZTS5DGSPI
                0x9d002350        0x8 build/default/production/chipKIT-libraries/DSPI/DSPI.o
                0x9d002350                typeinfo name for DGSPI
 .gnu.linkonce.r._ZTS4DSPI._ZTS4DSPI
                0x9d002358        0x8 build/default/production/chipKIT-libraries/DSPI/DSPI.o
                0x9d002358                typeinfo name for DSPI
 .gnu.linkonce.r._ZTI4DSPI._ZTI4DSPI
                0x9d002360        0xc build/default/production/chipKIT-libraries/DSPI/DSPI.o
                0x9d002360                typeinfo for DSPI
 .gnu.linkonce.r._ZTI5DSPI0._ZTI5DSPI0
                0x9d00236c        0xc build/default/production/chipKIT-libraries/DSPI/DSPI.o
                0x9d00236c                typeinfo for DSPI0
 .gnu.linkonce.r._ZTS5DSPI0._ZTS5DSPI0
                0x9d002378        0x8 build/default/production/chipKIT-libraries/DSPI/DSPI.o
                0x9d002378                typeinfo name for DSPI0
 .gnu.linkonce.r._ZTV5DGSPI._ZTV5DGSPI
                0x9d002380       0x30 build/default/production/chipKIT-libraries/DSPI/DSPI.o
                0x9d002380                vtable for DGSPI
 .gnu.linkonce.r._ZTV5DSPI0._ZTV5DSPI0
                0x9d0023b0       0x30 build/default/production/chipKIT-libraries/DSPI/DSPI.o
                0x9d0023b0                vtable for DSPI0
 .gnu.linkonce.r._ZTV4DSPI._ZTV4DSPI
                0x9d0023e0       0x30 build/default/production/chipKIT-libraries/DSPI/DSPI.o
                0x9d0023e0                vtable for DSPI
 .gnu.linkonce.r._ZTS6SdFile._ZTS6SdFile
                0x9d002410        0x8 build/default/production/chipKIT-libraries/OBCI32_SD/utility/SdFile.o
                0x9d002410                typeinfo name for SdFile
 .gnu.linkonce.r._ZTI6SdFile._ZTI6SdFile
                0x9d002418        0xc build/default/production/chipKIT-libraries/OBCI32_SD/utility/SdFile.o
                0x9d002418                typeinfo for SdFile
 *fill*         0x9d002424        0x4 
 .gnu.linkonce.r._ZTV6SdFile._ZTV6SdFile
                0x9d002428       0x10 build/default/production/chipKIT-libraries/OBCI32_SD/utility/SdFile.o
                0x9d002428                vtable for SdFile
 .gnu.linkonce.r._ZTI6Stream._ZTI6Stream
                0x9d002438        0xc build/default/production/chipKIT-libraries/OBCI32_SD/File.o
                0x9d002438                typeinfo for Stream
 .gnu.linkonce.r._ZTS6Stream._ZTS6Stream
                0x9d002444        0x8 build/default/production/chipKIT-libraries/OBCI32_SD/File.o
                0x9d002444                typeinfo name for Stream
 .gnu.linkonce.r._ZTS14HardwareSerial._ZTS14HardwareSerial
                0x9d00244c       0x14 chipKIT-core/libCore.a(HardwareSerial.cpp.o)
                0x9d00244c                typeinfo name for HardwareSerial
 .gnu.linkonce.r._ZTI14HardwareSerial._ZTI14HardwareSerial
                0x9d002460        0xc chipKIT-core/libCore.a(HardwareSerial.cpp.o)
                0x9d002460                typeinfo for HardwareSerial
 .gnu.linkonce.r._ZTS9USBSerial._ZTS9USBSerial
                0x9d00246c        0xc chipKIT-core/libCore.a(HardwareSerial.cpp.o)
                0x9d00246c                typeinfo name for USBSerial
 .gnu.linkonce.r._ZTI9USBSerial._ZTI9USBSerial
                0x9d002478        0xc chipKIT-core/libCore.a(HardwareSerial.cpp.o)
                0x9d002478                typeinfo for USBSerial
 *fill*         0x9d002484        0x4 
 .gnu.linkonce.r._ZTV14HardwareSerial._ZTV14HardwareSerial
                0x9d002488       0x28 chipKIT-core/libCore.a(HardwareSerial.cpp.o)
                0x9d002488                vtable for HardwareSerial
 .gnu.linkonce.r._ZTV9USBSerial._ZTV9USBSerial
                0x9d0024b0       0x28 chipKIT-core/libCore.a(HardwareSerial.cpp.o)
                0x9d0024b0                vtable for USBSerial
 .gnu.linkonce.r._ZTS5Print._ZTS5Print
                0x9d0024d8        0x8 chipKIT-core/libCore.a(Print.cpp.o)
                0x9d0024d8                typeinfo name for Print
 .gnu.linkonce.r._ZTI5Print._ZTI5Print
                0x9d0024e0        0x8 chipKIT-core/libCore.a(Print.cpp.o)
                0x9d0024e0                typeinfo for Print
 .gnu.linkonce.r._ZTV5Print._ZTV5Print
                0x9d0024e8       0x10 chipKIT-core/libCore.a(Print.cpp.o)
                0x9d0024e8                vtable for Print
 .gnu.linkonce.r._ZTSN10__cxxabiv117__class_type_infoE._ZTSN10__cxxabiv117__class_type_infoE
                0x9d0024f8       0x24 /Applications/microchip/xc32/v1.44/bin/bin/../../lib/gcc/pic32mx/4.8.3/../../../../pic32mx/lib/longdouble/libsupc++.a(class_type_info.o)
                0x9d0024f8                typeinfo name for __cxxabiv1::__class_type_info
 .gnu.linkonce.r._ZTIN10__cxxabiv117__class_type_infoE._ZTIN10__cxxabiv117__class_type_infoE
                0x9d00251c        0xc /Applications/microchip/xc32/v1.44/bin/bin/../../lib/gcc/pic32mx/4.8.3/../../../../pic32mx/lib/longdouble/libsupc++.a(class_type_info.o)
                0x9d00251c                typeinfo for __cxxabiv1::__class_type_info
 .gnu.linkonce.r._ZTVN10__cxxabiv117__class_type_infoE._ZTVN10__cxxabiv117__class_type_infoE
                0x9d002528       0x30 /Applications/microchip/xc32/v1.44/bin/bin/../../lib/gcc/pic32mx/4.8.3/../../../../pic32mx/lib/longdouble/libsupc++.a(class_type_info.o)
                0x9d002528                vtable for __cxxabiv1::__class_type_info
 .gnu.linkonce.r._ZTSN10__cxxabiv120__si_class_type_infoE._ZTSN10__cxxabiv120__si_class_type_infoE
                0x9d002558       0x28 /Applications/microchip/xc32/v1.44/bin/bin/../../lib/gcc/pic32mx/4.8.3/../../../../pic32mx/lib/longdouble/libsupc++.a(si_class_type_info.o)
                0x9d002558                typeinfo name for __cxxabiv1::__si_class_type_info
 .gnu.linkonce.r._ZTIN10__cxxabiv120__si_class_type_infoE._ZTIN10__cxxabiv120__si_class_type_infoE
                0x9d002580        0xc /Applications/microchip/xc32/v1.44/bin/bin/../../lib/gcc/pic32mx/4.8.3/../../../../pic32mx/lib/longdouble/libsupc++.a(si_class_type_info.o)
                0x9d002580                typeinfo for __cxxabiv1::__si_class_type_info
 *fill*         0x9d00258c        0x4 
 .gnu.linkonce.r._ZTVN10__cxxabiv120__si_class_type_infoE._ZTVN10__cxxabiv120__si_class_type_infoE
                0x9d002590       0x30 /Applications/microchip/xc32/v1.44/bin/bin/../../lib/gcc/pic32mx/4.8.3/../../../../pic32mx/lib/longdouble/libsupc++.a(si_class_type_info.o)
                0x9d002590                vtable for __cxxabiv1::__si_class_type_info
 .gnu.linkonce.r._ZTSSt9type_info._ZTSSt9type_info
                0x9d0025c0       0x10 /Applications/microchip/xc32/v1.44/bin/bin/../../lib/gcc/pic32mx/4.8.3/../../../../pic32mx/lib/longdouble/libsupc++.a(tinfo.o)
                0x9d0025c0                typeinfo name for std::type_info
 .gnu.linkonce.r._ZTISt9type_info._ZTISt9type_info
                0x9d0025d0        0x8 /Applications/microchip/xc32/v1.44/bin/bin/../../lib/gcc/pic32mx/4.8.3/../../../../pic32mx/lib/longdouble/libsupc++.a(tinfo.o)
                0x9d0025d0                typeinfo for std::type_info
 .gnu.linkonce.r._ZTVSt9type_info._ZTVSt9type_info
                0x9d0025d8       0x20 /Applications/microchip/xc32/v1.44/bin/bin/../../lib/gcc/pic32mx/4.8.3/../../../../pic32mx/lib/longdouble/libsupc++.a(tinfo.o)
                0x9d0025d8                vtable for std::type_info
 .gnu.linkonce.r._ZTSSt9bad_alloc._ZTSSt9bad_alloc
                0x9d0025f8       0x10 /Applications/microchip/xc32/v1.44/bin/bin/../../lib/gcc/pic32mx/4.8.3/../../../../pic32mx/lib/longdouble/libsupc++.a(bad_alloc.o)
                0x9d0025f8                typeinfo name for std::bad_alloc
 .gnu.linkonce.r._ZTISt9bad_alloc._ZTISt9bad_alloc
                0x9d002608        0xc /Applications/microchip/xc32/v1.44/bin/bin/../../lib/gcc/pic32mx/4.8.3/../../../../pic32mx/lib/longdouble/libsupc++.a(bad_alloc.o)
                0x9d002608                typeinfo for std::bad_alloc
 *fill*         0x9d002614        0x4 
 .gnu.linkonce.r._ZTVSt9bad_alloc._ZTVSt9bad_alloc
                0x9d002618       0x18 /Applications/microchip/xc32/v1.44/bin/bin/../../lib/gcc/pic32mx/4.8.3/../../../../pic32mx/lib/longdouble/libsupc++.a(bad_alloc.o)
                0x9d002618                vtable for std::bad_alloc
 .gnu.linkonce.r._ZTSSt9exception._ZTSSt9exception
                0x9d002630       0x10 /Applications/microchip/xc32/v1.44/bin/bin/../../lib/gcc/pic32mx/4.8.3/../../../../pic32mx/lib/longdouble/libsupc++.a(eh_exception.o)
                0x9d002630                typeinfo name for std::exception
 .gnu.linkonce.r._ZTISt9exception._ZTISt9exception
                0x9d002640        0x8 /Applications/microchip/xc32/v1.44/bin/bin/../../lib/gcc/pic32mx/4.8.3/../../../../pic32mx/lib/longdouble/libsupc++.a(eh_exception.o)
                0x9d002640                typeinfo for std::exception
 .gnu.linkonce.r._ZTSN10__cxxabiv115__forced_unwindE._ZTSN10__cxxabiv115__forced_unwindE
                0x9d002648       0x20 /Applications/microchip/xc32/v1.44/bin/bin/../../lib/gcc/pic32mx/4.8.3/../../../../pic32mx/lib/longdouble/libsupc++.a(eh_exception.o)
                0x9d002648                typeinfo name for __cxxabiv1::__forced_unwind
 .gnu.linkonce.r._ZTIN10__cxxabiv115__forced_unwindE._ZTIN10__cxxabiv115__forced_unwindE
                0x9d002668        0x8 /Applications/microchip/xc32/v1.44/bin/bin/../../lib/gcc/pic32mx/4.8.3/../../../../pic32mx/lib/longdouble/libsupc++.a(eh_exception.o)
                0x9d002668                typeinfo for __cxxabiv1::__forced_unwind
 .gnu.linkonce.r._ZTSN10__cxxabiv119__foreign_exceptionE._ZTSN10__cxxabiv119__foreign_exceptionE
                0x9d002670       0x24 /Applications/microchip/xc32/v1.44/bin/bin/../../lib/gcc/pic32mx/4.8.3/../../../../pic32mx/lib/longdouble/libsupc++.a(eh_exception.o)
                0x9d002670                typeinfo name for __cxxabiv1::__foreign_exception
 .gnu.linkonce.r._ZTIN10__cxxabiv119__foreign_exceptionE._ZTIN10__cxxabiv119__foreign_exceptionE
                0x9d002694        0x8 /Applications/microchip/xc32/v1.44/bin/bin/../../lib/gcc/pic32mx/4.8.3/../../../../pic32mx/lib/longdouble/libsupc++.a(eh_exception.o)
                0x9d002694                typeinfo for __cxxabiv1::__foreign_exception
 *fill*         0x9d00269c        0x4 
 .gnu.linkonce.r._ZTVSt9exception._ZTVSt9exception
                0x9d0026a0       0x18 /Applications/microchip/xc32/v1.44/bin/bin/../../lib/gcc/pic32mx/4.8.3/../../../../pic32mx/lib/longdouble/libsupc++.a(eh_exception.o)
                0x9d0026a0                vtable for std::exception
 *(.rodata1)
                0x9d0026b8                . = ALIGN (0x4)

.sdata2         0x9d0026b8        0x0
 *(.sdata2 .sdata2.* .gnu.linkonce.s2.*)
                0x9d0026b8                . = ALIGN (0x4)

.sbss2          0x9d0026b8        0x0
 *(.sbss2 .sbss2.* .gnu.linkonce.sb2.*)
                0x9d0026b8                . = ALIGN (0x4)

.dbg_data       0xa0000000      0x200
                0xa0000000                . = (. + DEFINED (_DEBUGGER)?0x200:0x0)
 *fill*         0xa0000000      0x200 

.ram_exchange_data
                0xa0000200        0x8
                0xa0000200                _ram_header_addr = .
                0xa0000208                . = (. + 0x8)
 *fill*         0xa0000200        0x8 

.persist        0xa0000208        0x0
                0xa0000208                _persist_begin = .
 *(.persist .persist.*)
                0xa0000208                . = ALIGN (0x4)
                0xa0000208                _persist_end = .
                0x00000001                ASSERT ((_persist_end <= (ORIGIN (kseg1_data_mem) + 0x600)), Bootloader does not preserve debug, RAM Header, or persistent data beyond the first 1.5K)
                0xa0000208                _protected_end = ((_IMAGE_TYPE & ((_imageSplitFlashBootloader | _imageProgramFlashBootloader) | _imageBootFlashBootloader)) != 0x0)?(ORIGIN (kseg1_data_mem) + 0x600):.

.protected_bootloader
                0xa0000000        0x0
                0xa0000000                . = (. + ((_IMAGE_TYPE & ((_imageSplitFlashBootloader | _imageProgramFlashBootloader) | _imageBootFlashBootloader)) != 0x0)?(ORIGIN (kseg1_data_mem) + 0x600):0x0)

.data           0xa0000208        0x0
                0xa0000208                _data_begin = .
 *(.gnu.linkonce.d.*)
 *(.gnu.linkonce.d.*personality*)
 *(.data1)
                0xa0000208                . = ALIGN (0x4)
                0xa0000208                _data_image_begin = LOADADDR (.data)
                0xa0000208                . = .
                0xa0008200                _gp = (ALIGN (0x10) + 0x7ff0)

.got
 *(.got.plt)
 *(.got)

.sdata          0xa0000208      0x170
                0xa0000208                _sdata_begin = .
 *(.sdata .sdata.* .gnu.linkonce.s.*)
 .sdata.max_address.max_address
                0xa0000208        0x4 build/default/production/chipKIT-libraries/EEPROM/utility/Deeprom.o
 .sdata._ZN8SdVolume17cacheBlockNumber_E.cacheBlockNumber_
                0xa000020c        0x4 build/default/production/chipKIT-libraries/OBCI32_SD/utility/SdVolume.o
                0xa000020c                SdVolume::cacheBlockNumber_
 .sdata.startStamp.startStamp
                0xa0000210        0xc build/default/production/source/DefaultBoard.o
                0xa0000210                startStamp
 .sdata.stopStamp.stopStamp
                0xa000021c        0xc build/default/production/source/DefaultBoard.o
                0xa000021c                stopStamp
 .sdata.blockTime.blockTime
                0xa0000228        0xc build/default/production/source/DefaultBoard.o
                0xa0000228                blockTime
 .sdata.overNum.overNum
                0xa0000234        0x8 build/default/production/source/DefaultBoard.o
                0xa0000234                overNum
 .sdata.maxTime.maxTime
                0xa000023c       0x18 build/default/production/source/DefaultBoard.o
                0xa000023c                maxTime
 .sdata.minTime.minTime
                0xa0000254       0x18 build/default/production/source/DefaultBoard.o
                0xa0000254                minTime
 .sdata.elapsedTime.elapsedTime
                0xa000026c       0x14 build/default/production/source/DefaultBoard.o
                0xa000026c                elapsedTime
 .sdata.currentFileName.currentFileName
                0xa0000280       0x10 build/default/production/source/DefaultBoard.o
                0xa0000280                currentFileName
 .sdata.MICROS_PER_BLOCK.MICROS_PER_BLOCK
                0xa0000290        0x4 build/default/production/source/DefaultBoard.o
                0xa0000290                MICROS_PER_BLOCK
 .sdata.fileSize.fileSize
                0xa0000294        0x1 build/default/production/source/DefaultBoard.o
                0xa0000294                fileSize
 *fill*         0xa0000295        0x3 
 .sdata.line_coding.line_coding
                0xa0000298        0x8 chipKIT-core/libCore.a(HardwareSerial_cdcacm.c.o)
 .sdata.gCoreTimerInfo.gCoreTimerInfo
                0xa00002a0       0x18 chipKIT-core/libCore.a(wiring.c.o)
                0xa00002a0                gCoreTimerInfo
 .sdata._isr_primary_install._isr_primary_install
                0xa00002b8       0xb0 chipKIT-core/libCore.a(WSystem.c.o)
                0xa00002b8                _isr_primary_install
 .sdata._pwmPeriod._pwmPeriod
                0xa0000368        0x4 chipKIT-core/libCore.a(wiring_analog.c.o)
 .sdata._pwmResolution._pwmResolution
                0xa000036c        0x4 chipKIT-core/libCore.a(wiring_analog.c.o)
 .sdata._pwmFrequency._pwmFrequency
                0xa0000370        0x4 chipKIT-core/libCore.a(wiring_analog.c.o)
 .sdata         0xa0000374        0x4 /Applications/microchip/xc32/v1.44/bin/bin/../../lib/gcc/pic32mx/4.8.3/longdouble/crtbegin.o
                0xa0000374                __dso_handle
                0xa0000378                . = ALIGN (0x4)
                0xa0000378                _sdata_end = .

.lit8           0xa0000378        0x0
 *(.lit8)
                0xa0000378                . = ALIGN (0x4)

.lit4
 *(.lit4)
                0xa0000378                . = ALIGN (0x4)
                0xa0000378                _data_end = .
                0xa0000378                _bss_begin = .

.sbss           0xa0000378     0x17b4
                0xa0000378                _sbss_begin = .
 *(.dynsbss)
 *(.sbss .sbss.* .gnu.linkonce.sb.*)
 .sbss.board.board
                0xa0000378      0x2bc build/default/production/chipKIT-libraries/BoardLib/XTREMIS_Library.o
                0xa0000378                board
 .sbss._ZL6pdspi1.pdspi1
                0xa0000634        0x4 build/default/production/chipKIT-libraries/DSPI/DSPI.o
 .sbss._ZL6pdspi0.pdspi0
                0xa0000638        0x4 build/default/production/chipKIT-libraries/DSPI/DSPI.o
 .sbss.tempBuffer.tempBuffer
                0xa000063c      0x200 build/default/production/chipKIT-libraries/EEPROM/utility/Deeprom.o
 .sbss.EEPROM.EEPROM
                0xa000083c        0x4 build/default/production/chipKIT-libraries/EEPROM/EEPROM.o
                0xa000083c                EEPROM
 .sbss.interrupt_state.interrupt_state
                0xa0000840        0x4 build/default/production/chipKIT-libraries/OBCI32_SD/utility/Sd2Card.o
                0xa0000840                interrupt_state
 .sbss.fspi_state_saved.fspi_state_saved
                0xa0000844        0x1 build/default/production/chipKIT-libraries/OBCI32_SD/utility/Sd2Card.o
                0xa0000844                fspi_state_saved
 *fill*         0xa0000845        0x3 
 .sbss.spi_state.spi_state
                0xa0000848        0x4 build/default/production/chipKIT-libraries/OBCI32_SD/utility/Sd2Card.o
                0xa0000848                spi_state
 .sbss._ZN6SdFile12oldDateTime_E.oldDateTime_
                0xa000084c        0x4 build/default/production/chipKIT-libraries/OBCI32_SD/utility/SdFile.o
                0xa000084c                SdFile::oldDateTime_
 .sbss._ZN6SdFile9dateTime_E.dateTime_
                0xa0000850        0x4 build/default/production/chipKIT-libraries/OBCI32_SD/utility/SdFile.o
                0xa0000850                SdFile::dateTime_
 .sbss._ZN8SdVolume17cacheMirrorBlock_E.cacheMirrorBlock_
                0xa0000854        0x4 build/default/production/chipKIT-libraries/OBCI32_SD/utility/SdVolume.o
                0xa0000854                SdVolume::cacheMirrorBlock_
 .sbss._ZN8SdVolume11cacheDirty_E.cacheDirty_
                0xa0000858        0x1 build/default/production/chipKIT-libraries/OBCI32_SD/utility/SdVolume.o
                0xa0000858                SdVolume::cacheDirty_
 *fill*         0xa0000859        0x3 
 .sbss._ZN8SdVolume7sdCard_E.sdCard_
                0xa000085c        0x4 build/default/production/chipKIT-libraries/OBCI32_SD/utility/SdVolume.o
                0xa000085c                SdVolume::sdCard_
 .sbss._ZN8SdVolume12cacheBuffer_E.cacheBuffer_
                0xa0000860      0x200 build/default/production/chipKIT-libraries/OBCI32_SD/utility/SdVolume.o
                0xa0000860                SdVolume::cacheBuffer_
 .sbss.SD.SD    0xa0000a60       0x58 build/default/production/chipKIT-libraries/OBCI32_SD/XTREMIS_SD.o
                0xa0000a60                SD
 .sbss.defaultSDCard.defaultSDCard
                0xa0000ab8       0x18 build/default/production/chipKIT-libraries/OBCI32_SD/XTREMIS_SD.o
                0xa0000ab8                defaultSDCard
 .sbss.SDfileOpen.SDfileOpen
                0xa0000ad0        0x1 build/default/production/source/DefaultBoard.o
                0xa0000ad0                SDfileOpen
 .sbss.addAuxToSD.addAuxToSD
                0xa0000ad1        0x1 build/default/production/source/DefaultBoard.o
                0xa0000ad1                addAuxToSD
 .sbss.addAccelToSD.addAccelToSD
                0xa0000ad2        0x1 build/default/production/source/DefaultBoard.o
                0xa0000ad2                addAccelToSD
 .sbss.fileOnes.fileOnes
                0xa0000ad3        0x1 build/default/production/source/DefaultBoard.o
                0xa0000ad3                fileOnes
 .sbss.fileTens.fileTens
                0xa0000ad4        0x1 build/default/production/source/DefaultBoard.o
                0xa0000ad4                fileTens
 *fill*         0xa0000ad5        0x3 
 .sbss.sampleCounter.sampleCounter
                0xa0000ad8        0x4 build/default/production/source/DefaultBoard.o
                0xa0000ad8                sampleCounter
 .sbss.end_time.end_time
                0xa0000adc        0x4 build/default/production/source/DefaultBoard.o
                0xa0000adc                end_time
 .sbss.start_time.start_time
                0xa0000ae0        0x4 build/default/production/source/DefaultBoard.o
                0xa0000ae0                start_time
 .sbss.t.t      0xa0000ae4        0x4 build/default/production/source/DefaultBoard.o
                0xa0000ae4                t
 .sbss.minWriteTime.minWriteTime
                0xa0000ae8        0x4 build/default/production/source/DefaultBoard.o
                0xa0000ae8                minWriteTime
 .sbss.maxWriteTime.maxWriteTime
                0xa0000aec        0x4 build/default/production/source/DefaultBoard.o
                0xa0000aec                maxWriteTime
 .sbss.overruns.overruns
                0xa0000af0        0x4 build/default/production/source/DefaultBoard.o
                0xa0000af0                overruns
 .sbss.over.over
                0xa0000af4       0xa0 build/default/production/source/DefaultBoard.o
 .sbss.fileIsOpen.fileIsOpen
                0xa0000b94        0x1 build/default/production/source/DefaultBoard.o
                0xa0000b94                fileIsOpen
 .sbss.cardInit.cardInit
                0xa0000b95        0x1 build/default/production/source/DefaultBoard.o
                0xa0000b95                cardInit
 .sbss.openvol.openvol
                0xa0000b96        0x1 build/default/production/source/DefaultBoard.o
                0xa0000b96                openvol
 *fill*         0xa0000b97        0x1 
 .sbss.byteCounter.byteCounter
                0xa0000b98        0x4 build/default/production/source/DefaultBoard.o
                0xa0000b98                byteCounter
 .sbss.endBlock.endBlock
                0xa0000b9c        0x4 build/default/production/source/DefaultBoard.o
                0xa0000b9c                endBlock
 .sbss.bgnBlock.bgnBlock
                0xa0000ba0        0x4 build/default/production/source/DefaultBoard.o
                0xa0000ba0                bgnBlock
 .sbss.pCache.pCache
                0xa0000ba4        0x4 build/default/production/source/DefaultBoard.o
                0xa0000ba4                pCache
 .sbss.root.root
                0xa0000ba8       0x28 build/default/production/source/DefaultBoard.o
                0xa0000ba8                root
 .sbss.volume.volume
                0xa0000bd0       0x28 build/default/production/source/DefaultBoard.o
                0xa0000bd0                volume
 .sbss.card.card
                0xa0000bf8       0x18 build/default/production/source/DefaultBoard.o
                0xa0000bf8                card
 .sbss.openfile.openfile
                0xa0000c10       0x28 build/default/production/source/DefaultBoard.o
                0xa0000c10                openfile
 .sbss.BLOCK_COUNT.BLOCK_COUNT
                0xa0000c38        0x4 build/default/production/source/DefaultBoard.o
                0xa0000c38                BLOCK_COUNT
 .sbss.blockCounter.blockCounter
                0xa0000c3c        0x4 build/default/production/source/DefaultBoard.o
                0xa0000c3c                blockCounter
 .sbss.Serial1.Serial1
                0xa0000c40      0x248 chipKIT-core/libCore.a(HardwareSerial.cpp.o)
                0xa0000c40                Serial1
 .sbss.Serial0.Serial0
                0xa0000e88      0x248 chipKIT-core/libCore.a(HardwareSerial.cpp.o)
                0xa0000e88                Serial0
 .sbss.Serial.Serial
                0xa00010d0       0x18 chipKIT-core/libCore.a(HardwareSerial.cpp.o)
                0xa00010d0                Serial
 .sbss.rx_bufferUSB.rx_bufferUSB
                0xa00010e8      0x208 chipKIT-core/libCore.a(HardwareSerial.cpp.o)
                0xa00010e8                rx_bufferUSB
 .sbss.gWaiting.gWaiting
                0xa00012f0        0x1 chipKIT-core/libCore.a(HardwareSerial_cdcacm.c.o)
 .sbss.gRX_out.gRX_out
                0xa00012f1        0x1 chipKIT-core/libCore.a(HardwareSerial_cdcacm.c.o)
 .sbss.gRX_in.gRX_in
                0xa00012f2        0x1 chipKIT-core/libCore.a(HardwareSerial_cdcacm.c.o)
 *fill*         0xa00012f3        0x1 
 .sbss.gRX_length.gRX_length
                0xa00012f4       0x40 chipKIT-core/libCore.a(HardwareSerial_cdcacm.c.o)
 .sbss.gRXbuffer.gRXbuffer
                0xa0001334      0x3f0 chipKIT-core/libCore.a(HardwareSerial_cdcacm.c.o)
 .sbss.gTXbuffer.gTXbuffer
                0xa0001724       0x40 chipKIT-core/libCore.a(HardwareSerial_cdcacm.c.o)
 .sbss.gStoredata_cbfn.gStoredata_cbfn
                0xa0001764        0x4 chipKIT-core/libCore.a(HardwareSerial_cdcacm.c.o)
 .sbss.gReset_cbfn.gReset_cbfn
                0xa0001768        0x4 chipKIT-core/libCore.a(HardwareSerial_cdcacm.c.o)
 .sbss.gCdcacm_active.gCdcacm_active
                0xa000176c        0x1 chipKIT-core/libCore.a(HardwareSerial_cdcacm.c.o)
                0xa000176c                gCdcacm_active
 *fill*         0xa000176d        0x3 
 .sbss.cdcacm_string_descriptor.cdcacm_string_descriptor
                0xa0001770        0x4 chipKIT-core/libCore.a(HardwareSerial_cdcacm.c.o)
 *fill*         0xa0001774       0x8c 
 .sbss.bdt_ram.8098.bdt_ram
                0xa0001800      0x200 chipKIT-core/libCore.a(HardwareSerial_usb.c.o)
 .sbss.next_address.next_address
                0xa0001a00        0x1 chipKIT-core/libCore.a(HardwareSerial_usb.c.o)
 *fill*         0xa0001a01        0x3 
 .sbss.setup_buffer.setup_buffer
                0xa0001a04        0x8 chipKIT-core/libCore.a(HardwareSerial_usb.c.o)
 .sbss.gBulk_transfer_cbfn.gBulk_transfer_cbfn
                0xa0001a0c        0x4 chipKIT-core/libCore.a(HardwareSerial_usb.c.o)
 .sbss.gControl_transfer_cbfn.gControl_transfer_cbfn
                0xa0001a10        0x4 chipKIT-core/libCore.a(HardwareSerial_usb.c.o)
 .sbss.gReset_cbfn.gReset_cbfn
                0xa0001a14        0x4 chipKIT-core/libCore.a(HardwareSerial_usb.c.o)
 .sbss.string_descriptor_length.string_descriptor_length
                0xa0001a18        0x4 chipKIT-core/libCore.a(HardwareSerial_usb.c.o)
 .sbss.string_descriptor.string_descriptor
                0xa0001a1c        0x4 chipKIT-core/libCore.a(HardwareSerial_usb.c.o)
 .sbss.configuration_descriptor_length.configuration_descriptor_length
                0xa0001a20        0x4 chipKIT-core/libCore.a(HardwareSerial_usb.c.o)
 .sbss.configuration_descriptor.configuration_descriptor
                0xa0001a24        0x4 chipKIT-core/libCore.a(HardwareSerial_usb.c.o)
 .sbss.device_descriptor_length.device_descriptor_length
                0xa0001a28        0x4 chipKIT-core/libCore.a(HardwareSerial_usb.c.o)
 .sbss.device_descriptor.device_descriptor
                0xa0001a2c        0x4 chipKIT-core/libCore.a(HardwareSerial_usb.c.o)
 .sbss.bdts.bdts
                0xa0001a30        0x4 chipKIT-core/libCore.a(HardwareSerial_usb.c.o)
 .sbss.tmsLastEvent.tmsLastEvent
                0xa0001a34        0x4 chipKIT-core/libCore.a(task_manager.c.o)
 .sbss.tmsNextEvent.tmsNextEvent
                0xa0001a38        0x4 chipKIT-core/libCore.a(task_manager.c.o)
 .sbss.cntActiveTask.cntActiveTask
                0xa0001a3c        0x4 chipKIT-core/libCore.a(task_manager.c.o)
 .sbss.rgtaskTable.rgtaskTable
                0xa0001a40       0xa0 chipKIT-core/libCore.a(task_manager.c.o)
 .sbss.nextInt.8615.nextInt
                0xa0001ae0        0x4 chipKIT-core/libCore.a(wiring.c.o)
 .sbss.gLastBaseCount.gLastBaseCount
                0xa0001ae4        0x4 chipKIT-core/libCore.a(wiring.c.o)
 .sbss.ppsGlobalLock.ppsGlobalLock
                0xa0001ae8        0x1 chipKIT-core/libCore.a(wiring.c.o)
                0xa0001ae8                ppsGlobalLock
 *fill*         0xa0001ae9        0x3 
 .sbss.gSoftPWMServoUpdate.gSoftPWMServoUpdate
                0xa0001aec        0x4 chipKIT-core/libCore.a(wiring.c.o)
                0xa0001aec                gSoftPWMServoUpdate
 .sbss.gMicros_calculating.gMicros_calculating
                0xa0001af0        0x4 chipKIT-core/libCore.a(wiring.c.o)
                0xa0001af0                gMicros_calculating
 .sbss.gCore_timer_first_val.gCore_timer_first_val
                0xa0001af4        0x4 chipKIT-core/libCore.a(wiring.c.o)
                0xa0001af4                gCore_timer_first_val
 .sbss.gMicros_overflows.gMicros_overflows
                0xa0001af8        0x4 chipKIT-core/libCore.a(wiring.c.o)
                0xa0001af8                gMicros_overflows
 .sbss.gCore_timer_micros.gCore_timer_micros
                0xa0001afc        0x4 chipKIT-core/libCore.a(wiring.c.o)
                0xa0001afc                gCore_timer_micros
 .sbss.gCore_timer_last_val.gCore_timer_last_val
                0xa0001b00        0x4 chipKIT-core/libCore.a(wiring.c.o)
                0xa0001b00                gCore_timer_last_val
 .sbss.gTimer0_millis.gTimer0_millis
                0xa0001b04        0x4 chipKIT-core/libCore.a(wiring.c.o)
                0xa0001b04                gTimer0_millis
 .sbss._ZZN6StringixEjE19dummy_writable_char.dummy_writable_char
                0xa0001b08        0x1 chipKIT-core/libCore.a(WString.cpp.o)
 *fill*         0xa0001b09        0x1 
 .sbss.pwm_active.pwm_active
                0xa0001b0a        0x2 chipKIT-core/libCore.a(wiring_analog.c.o)
                0xa0001b0a                pwm_active
 .sbss.analog_reference.analog_reference
                0xa0001b0c        0x4 chipKIT-core/libCore.a(wiring_analog.c.o)
                0xa0001b0c                analog_reference
 *(.scommon)
 .scommon       0xa0001b10       0x11 chipKIT-core/libCore.a(HardwareSerial_usb.c.o)
                0xa0001b10                bulk_out_ep
                0xa0001b11                cdc_attached
                0xa0001b14                scsi_attached_count
                0xa0001b18                gCdcacm_attached_count
                0xa0001b1c                other_attached
                0xa0001b1d                int_ep
                0xa0001b1e                bulk_in_ep
                0xa0001b1f                gCdcacm_attached
                0xa0001b20                scsi_attached
 *fill*         0xa0001b21        0x3 
 .scommon       0xa0001b24        0x4 chipKIT-core/libCore.a(wiring.c.o)
                0xa0001b24                __PIC32_pbClk
 .scommon       0xa0001b28        0x1 chipKIT-core/libCore.a(wiring_analog.c.o)
                0xa0001b28                _analogRead_channelNumber
                0xa0001b2c                . = ALIGN (0x4)
 *fill*         0xa0001b29        0x3 
                0xa0001b2c                _sbss_end = .

.bss            0xa0001b2c      0x180
 *(.dynbss)
 *(.gnu.linkonce.b.*)
 *(COMMON)
 COMMON         0xa0001b2c      0x180 chipKIT-core/libCore.a(HardwareSerial_usb.c.o)
                0xa0001b2c                endpoints
                0xa0001cac                . = ALIGN (0x4)
                0xa0001cac                . = ALIGN (0x4)
                0xa0001cac                _end = .
                0xa0001cac                _bss_end = .
                0x00008000                _bmxdudba_address = 0x8000
                0x00008000                _bmxdupba_address = 0x8000

.gcc_compiled_long32
 *(.gcc_compiled_long32)

.gcc_compiled_long64
 *(.gcc_compiled_long64)

.stab
 *(.stab)

.stabstr
 *(.stabstr)

.stab.excl
 *(.stab.excl)

.stab.exclstr
 *(.stab.exclstr)

.stab.index
 *(.stab.index)

.stab.indexstr
 *(.stab.indexstr)

.comment        0x00000000      0x13e
 *(.comment)
 .comment       0x00000000       0x3c build/default/production/chipKIT-libraries/BoardLib/XTREMIS_Library.o
                                 0x3d (size before relaxing)
 .comment       0x00000000       0x3d build/default/production/chipKIT-libraries/DSPI/DSPI.o
 .comment       0x00000000       0x3d build/default/production/chipKIT-libraries/EEPROM/utility/Deeprom.o
 .comment       0x00000000       0x3d build/default/production/chipKIT-libraries/EEPROM/utility/flash.o
 .comment       0x00000000       0x3d build/default/production/chipKIT-libraries/EEPROM/EEPROM.o
 .comment       0x00000000       0x3d build/default/production/chipKIT-libraries/OBCI32_SD/utility/Sd2Card.o
 .comment       0x00000000       0x3d build/default/production/chipKIT-libraries/OBCI32_SD/utility/SdFile.o
 .comment       0x00000000       0x3d build/default/production/chipKIT-libraries/OBCI32_SD/utility/SdVolume.o
 .comment       0x00000000       0x3d build/default/production/chipKIT-libraries/OBCI32_SD/File.o
 .comment       0x00000000       0x3d build/default/production/chipKIT-libraries/OBCI32_SD/XTREMIS_SD.o
 .comment       0x00000000       0x3d build/default/production/source/DefaultBoard.o
 .comment       0x0000003c       0x3c chipKIT-core/libCore.a(HardwareSerial.cpp.o)
                                 0x3d (size before relaxing)
 .comment       0x00000000       0x3d chipKIT-core/libCore.a(HardwareSerial_cdcacm.c.o)
 .comment       0x00000000       0x3d chipKIT-core/libCore.a(HardwareSerial_usb.c.o)
 .comment       0x00000000       0x3d chipKIT-core/libCore.a(main.cpp.o)
 .comment       0x00000000       0x3d chipKIT-core/libCore.a(Print.cpp.o)
 .comment       0x00000000       0x3d chipKIT-core/libCore.a(task_manager.c.o)
 .comment       0x00000000       0x3d chipKIT-core/libCore.a(wiring.c.o)
 .comment       0x00000000       0x3d chipKIT-core/libCore.a(wiring_digital.c.o)
 .comment       0x00000000       0x3d chipKIT-core/libCore.a(wiring_shift.c.o)
 .comment       0x00000000       0x3d chipKIT-core/libCore.a(WString.cpp.o)
 .comment       0x00000000       0x3d chipKIT-core/libCore.a(WSystem.c.o)
 .comment       0x00000000       0x3d chipKIT-core/libCore.a(doprnt.cpp.o)
 .comment       0x00000000       0x3d chipKIT-core/libCore.a(pins_arduino.c.o)
 .comment       0x00000000       0x3d chipKIT-core/libCore.a(wiring_analog.c.o)
 .comment       0x00000000       0x3d /Applications/microchip/xc32/v1.44/bin/bin/../../lib/gcc/pic32mx/4.8.3/../../../../pic32mx/lib/longdouble/libsupc++.a(class_type_info.o)
 .comment       0x00000000       0x3d /Applications/microchip/xc32/v1.44/bin/bin/../../lib/gcc/pic32mx/4.8.3/../../../../pic32mx/lib/longdouble/libsupc++.a(del_op.o)
 .comment       0x00000000       0x3d /Applications/microchip/xc32/v1.44/bin/bin/../../lib/gcc/pic32mx/4.8.3/../../../../pic32mx/lib/longdouble/libsupc++.a(new_op.o)
 .comment       0x00000000       0x3d /Applications/microchip/xc32/v1.44/bin/bin/../../lib/gcc/pic32mx/4.8.3/../../../../pic32mx/lib/longdouble/libsupc++.a(si_class_type_info.o)
 .comment       0x00000000       0x3d /Applications/microchip/xc32/v1.44/bin/bin/../../lib/gcc/pic32mx/4.8.3/../../../../pic32mx/lib/longdouble/libsupc++.a(tinfo.o)
 .comment       0x00000000       0x3d /Applications/microchip/xc32/v1.44/bin/bin/../../lib/gcc/pic32mx/4.8.3/../../../../pic32mx/lib/longdouble/libsupc++.a(pure.o)
 .comment       0x00000000       0x3d /Applications/microchip/xc32/v1.44/bin/bin/../../lib/gcc/pic32mx/4.8.3/../../../../pic32mx/lib/longdouble/libsupc++.a(bad_alloc.o)
 .comment       0x00000000       0x3d /Applications/microchip/xc32/v1.44/bin/bin/../../lib/gcc/pic32mx/4.8.3/../../../../pic32mx/lib/longdouble/libsupc++.a(eh_alloc.o)
 .comment       0x00000000       0x3d /Applications/microchip/xc32/v1.44/bin/bin/../../lib/gcc/pic32mx/4.8.3/../../../../pic32mx/lib/longdouble/libsupc++.a(eh_exception.o)
 .comment       0x00000000       0x3d /Applications/microchip/xc32/v1.44/bin/bin/../../lib/gcc/pic32mx/4.8.3/../../../../pic32mx/lib/longdouble/libsupc++.a(eh_terminate.o)
 .comment       0x00000000       0x3d /Applications/microchip/xc32/v1.44/bin/bin/../../lib/gcc/pic32mx/4.8.3/../../../../pic32mx/lib/longdouble/libsupc++.a(eh_throw.o)
 .comment       0x00000000       0x3d /Applications/microchip/xc32/v1.44/bin/bin/../../lib/gcc/pic32mx/4.8.3/../../../../pic32mx/lib/longdouble/libsupc++.a(eh_unex_handler.o)
 .comment       0x00000000       0x3d /Applications/microchip/xc32/v1.44/bin/bin/../../lib/gcc/pic32mx/4.8.3/../../../../pic32mx/lib/longdouble/libsupc++.a(new_handler.o)
 .comment       0x00000000       0x3d /Applications/microchip/xc32/v1.44/bin/bin/../../lib/gcc/pic32mx/4.8.3/../../../../pic32mx/lib/longdouble/libsupc++.a(eh_catch.o)
 .comment       0x00000000       0x3d /Applications/microchip/xc32/v1.44/bin/bin/../../lib/gcc/pic32mx/4.8.3/../../../../pic32mx/lib/longdouble/libsupc++.a(eh_globals.o)
 .comment       0x00000000       0x3d /Applications/microchip/xc32/v1.44/bin/bin/../../lib/gcc/pic32mx/4.8.3/../../../../pic32mx/lib/longdouble/libsupc++.a(eh_personality.o)
 .comment       0x00000000       0x3d /Applications/microchip/xc32/v1.44/bin/bin/../../lib/gcc/pic32mx/4.8.3/../../../../pic32mx/lib/longdouble/libsupc++.a(eh_term_handler.o)
 .comment       0x00000000       0x3d /Applications/microchip/xc32/v1.44/bin/bin/../../lib/gcc/pic32mx/4.8.3/../../../../pic32mx/lib/longdouble/libsupc++.a(eh_call.o)
 .comment       0x00000000       0x3d /Applications/microchip/xc32/v1.44/bin/bin/../../lib/gcc/pic32mx/4.8.3/longdouble/crtbegin.o
 .comment       0x00000000       0x3d /Applications/microchip/xc32/v1.44/bin/bin/../../lib/gcc/pic32mx/4.8.3/longdouble/crtend.o
 .comment       0x00000000       0x3d /Applications/microchip/xc32/v1.44/bin/bin/../../lib/gcc/pic32mx/4.8.3/longdouble/libgcc.a(floatunsidf.o)
 .comment       0x00000000       0x3d /Applications/microchip/xc32/v1.44/bin/bin/../../lib/gcc/pic32mx/4.8.3/longdouble/libgcc.a(unwind-sjlj.o)
 .comment       0x00000078       0x18 /Applications/microchip/xc32/v1.44/bin/bin/../../lib/gcc/pic32mx/4.8.3/../../../../pic32mx/lib/longdouble/libpic32.a(memcmp.o)
                                 0x19 (size before relaxing)
 .comment       0x00000090       0x18 /Applications/microchip/xc32/v1.44/bin/bin/../../lib/gcc/pic32mx/4.8.3/../../../../pic32mx/lib/longdouble/libpic32.a(memset.o)
                                 0x19 (size before relaxing)
 .comment       0x000000a8       0x19 /Applications/microchip/xc32/v1.44/bin/bin/../../lib/gcc/pic32mx/4.8.3/../../../../pic32mx/lib/longdouble/libpic32.a(strcmp.o)
                                 0x1a (size before relaxing)
 .comment       0x000000c1       0x19 /Applications/microchip/xc32/v1.44/bin/bin/../../lib/gcc/pic32mx/4.8.3/../../../../pic32mx/lib/longdouble/libpic32.a(strcpy.o)
                                 0x1a (size before relaxing)
 .comment       0x000000da       0x19 /Applications/microchip/xc32/v1.44/bin/bin/../../lib/gcc/pic32mx/4.8.3/../../../../pic32mx/lib/longdouble/libpic32.a(strlen.o)
                                 0x1a (size before relaxing)
 .comment       0x00000000       0x3d /Applications/microchip/xc32/v1.44/bin/bin/../../lib/gcc/pic32mx/4.8.3/../../../../pic32mx/lib/longdouble/libpic32.a(default-bootstrap-exception-handler.o)
 .comment       0x00000000       0x3d /Applications/microchip/xc32/v1.44/bin/bin/../../lib/gcc/pic32mx/4.8.3/../../../../pic32mx/lib/longdouble/libpic32.a(default-on-reset.o)
 .comment       0x00000000       0x3d /Applications/microchip/xc32/v1.44/bin/bin/../../lib/gcc/pic32mx/4.8.3/../../../../pic32mx/lib/longdouble/libpic32.a(default-on-bootstrap.o)
 .comment       0x00000000       0x3d /Applications/microchip/xc32/v1.44/bin/bin/../../lib/gcc/pic32mx/4.8.3/../../../../pic32mx/lib/longdouble/libpic32.a(errno.o)
 .comment       0x00000000       0x3d /Applications/microchip/xc32/v1.44/bin/bin/../../lib/gcc/pic32mx/4.8.3/../../../../pic32mx/lib/longdouble/libc-newlib.a(lib_a-abort.o)
 .comment       0x00000000       0x3d /Applications/microchip/xc32/v1.44/bin/bin/../../lib/gcc/pic32mx/4.8.3/../../../../pic32mx/lib/longdouble/libc-newlib.a(lib_a-abs.o)
 .comment       0x00000000       0x3d /Applications/microchip/xc32/v1.44/bin/bin/../../lib/gcc/pic32mx/4.8.3/../../../../pic32mx/lib/longdouble/libc-newlib.a(lib_a-atof.o)
 .comment       0x00000000       0x3d /Applications/microchip/xc32/v1.44/bin/bin/../../lib/gcc/pic32mx/4.8.3/../../../../pic32mx/lib/longdouble/libc-newlib.a(lib_a-atol.o)
 .comment       0x00000000       0x3d /Applications/microchip/xc32/v1.44/bin/bin/../../lib/gcc/pic32mx/4.8.3/../../../../pic32mx/lib/longdouble/libc-newlib.a(lib_a-errno.o)
 .comment       0x00000000       0x3d /Applications/microchip/xc32/v1.44/bin/bin/../../lib/gcc/pic32mx/4.8.3/../../../../pic32mx/lib/longdouble/libc-newlib.a(lib_a-impure.o)
 .comment       0x00000000       0x3d /Applications/microchip/xc32/v1.44/bin/bin/../../lib/gcc/pic32mx/4.8.3/../../../../pic32mx/lib/longdouble/libc-newlib.a(lib_a-isspace.o)
 .comment       0x00000000       0x3d /Applications/microchip/xc32/v1.44/bin/bin/../../lib/gcc/pic32mx/4.8.3/../../../../pic32mx/lib/longdouble/libc-newlib.a(lib_a-malloc.o)
 .comment       0x00000000       0x3d /Applications/microchip/xc32/v1.44/bin/bin/../../lib/gcc/pic32mx/4.8.3/../../../../pic32mx/lib/longdouble/libc-newlib.a(lib_a-mallocr.o)
 .comment       0x00000000       0x3d /Applications/microchip/xc32/v1.44/bin/bin/../../lib/gcc/pic32mx/4.8.3/../../../../pic32mx/lib/longdouble/libc-newlib.a(lib_a-memmove.o)
 .comment       0x00000000       0x3d /Applications/microchip/xc32/v1.44/bin/bin/../../lib/gcc/pic32mx/4.8.3/../../../../pic32mx/lib/longdouble/libc-newlib.a(lib_a-mlock.o)
 .comment       0x00000000       0x3d /Applications/microchip/xc32/v1.44/bin/bin/../../lib/gcc/pic32mx/4.8.3/../../../../pic32mx/lib/longdouble/libc-newlib.a(lib_a-realloc.o)
 .comment       0x00000000       0x3d /Applications/microchip/xc32/v1.44/bin/bin/../../lib/gcc/pic32mx/4.8.3/../../../../pic32mx/lib/longdouble/libc-newlib.a(lib_a-reallocr.o)
 .comment       0x00000000       0x3d /Applications/microchip/xc32/v1.44/bin/bin/../../lib/gcc/pic32mx/4.8.3/../../../../pic32mx/lib/longdouble/libc-newlib.a(lib_a-sbrkr.o)
 .comment       0x00000000       0x3d /Applications/microchip/xc32/v1.44/bin/bin/../../lib/gcc/pic32mx/4.8.3/../../../../pic32mx/lib/longdouble/libc-newlib.a(lib_a-s_fpclassify.o)
 .comment       0x00000000       0x3d /Applications/microchip/xc32/v1.44/bin/bin/../../lib/gcc/pic32mx/4.8.3/../../../../pic32mx/lib/longdouble/libc-newlib.a(lib_a-signal.o)
 .comment       0x00000000       0x3d /Applications/microchip/xc32/v1.44/bin/bin/../../lib/gcc/pic32mx/4.8.3/../../../../pic32mx/lib/longdouble/libc-newlib.a(lib_a-signalr.o)
 .comment       0x00000000       0x3d /Applications/microchip/xc32/v1.44/bin/bin/../../lib/gcc/pic32mx/4.8.3/../../../../pic32mx/lib/longdouble/libc-newlib.a(lib_a-s_modf.o)
 .comment       0x00000000       0x3d /Applications/microchip/xc32/v1.44/bin/bin/../../lib/gcc/pic32mx/4.8.3/../../../../pic32mx/lib/longdouble/libc-newlib.a(lib_a-snprintf.o)
 .comment       0x00000000       0x3d /Applications/microchip/xc32/v1.44/bin/bin/../../lib/gcc/pic32mx/4.8.3/../../../../pic32mx/lib/longdouble/libc-newlib.a(lib_a-strchr.o)
 .comment       0x00000000       0x3d /Applications/microchip/xc32/v1.44/bin/bin/../../lib/gcc/pic32mx/4.8.3/../../../../pic32mx/lib/longdouble/libc-newlib.a(lib_a-strncmp.o)
 .comment       0x00000000       0x3d /Applications/microchip/xc32/v1.44/bin/bin/../../lib/gcc/pic32mx/4.8.3/../../../../pic32mx/lib/longdouble/libc-newlib.a(lib_a-strncpy.o)
 .comment       0x00000000       0x3d /Applications/microchip/xc32/v1.44/bin/bin/../../lib/gcc/pic32mx/4.8.3/../../../../pic32mx/lib/longdouble/libc-newlib.a(lib_a-strrchr.o)
 .comment       0x00000000       0x3d /Applications/microchip/xc32/v1.44/bin/bin/../../lib/gcc/pic32mx/4.8.3/../../../../pic32mx/lib/longdouble/libc-newlib.a(lib_a-strstr.o)
 .comment       0x00000000       0x3d /Applications/microchip/xc32/v1.44/bin/bin/../../lib/gcc/pic32mx/4.8.3/../../../../pic32mx/lib/longdouble/libc-newlib.a(lib_a-strtod.o)
 .comment       0x00000000       0x3d /Applications/microchip/xc32/v1.44/bin/bin/../../lib/gcc/pic32mx/4.8.3/../../../../pic32mx/lib/longdouble/libc-newlib.a(lib_a-strtol.o)
 .comment       0x00000000       0x3d /Applications/microchip/xc32/v1.44/bin/bin/../../lib/gcc/pic32mx/4.8.3/../../../../pic32mx/lib/longdouble/libc-newlib.a(lib_a-svfprintf.o)
 .comment       0x00000000       0x3d /Applications/microchip/xc32/v1.44/bin/bin/../../lib/gcc/pic32mx/4.8.3/../../../../pic32mx/lib/longdouble/libc-newlib.a(lib_a-tolower.o)
 .comment       0x00000000       0x3d /Applications/microchip/xc32/v1.44/bin/bin/../../lib/gcc/pic32mx/4.8.3/../../../../pic32mx/lib/longdouble/libc-newlib.a(lib_a-toupper.o)
 .comment       0x00000000       0x3d /Applications/microchip/xc32/v1.44/bin/bin/../../lib/gcc/pic32mx/4.8.3/../../../../pic32mx/lib/longdouble/libc-newlib.a(lib_a-ctype_.o)
 .comment       0x00000000       0x3d /Applications/microchip/xc32/v1.44/bin/bin/../../lib/gcc/pic32mx/4.8.3/../../../../pic32mx/lib/longdouble/libc-newlib.a(lib_a-dtoa.o)
 .comment       0x00000000       0x3d /Applications/microchip/xc32/v1.44/bin/bin/../../lib/gcc/pic32mx/4.8.3/../../../../pic32mx/lib/longdouble/libc-newlib.a(lib_a-freer.o)
 .comment       0x00000000       0x3d /Applications/microchip/xc32/v1.44/bin/bin/../../lib/gcc/pic32mx/4.8.3/../../../../pic32mx/lib/longdouble/libc-newlib.a(lib_a-gdtoa-gethex.o)
 .comment       0x00000000       0x3d /Applications/microchip/xc32/v1.44/bin/bin/../../lib/gcc/pic32mx/4.8.3/../../../../pic32mx/lib/longdouble/libc-newlib.a(lib_a-gdtoa-hexnan.o)
 .comment       0x00000000       0x3d /Applications/microchip/xc32/v1.44/bin/bin/../../lib/gcc/pic32mx/4.8.3/../../../../pic32mx/lib/longdouble/libc-newlib.a(lib_a-locale.o)
 .comment       0x00000000       0x3d /Applications/microchip/xc32/v1.44/bin/bin/../../lib/gcc/pic32mx/4.8.3/../../../../pic32mx/lib/longdouble/libc-newlib.a(lib_a-memchr.o)
 .comment       0x00000000       0x3d /Applications/microchip/xc32/v1.44/bin/bin/../../lib/gcc/pic32mx/4.8.3/../../../../pic32mx/lib/longdouble/libc-newlib.a(lib_a-mprec.o)
 .comment       0x00000000       0x3d /Applications/microchip/xc32/v1.44/bin/bin/../../lib/gcc/pic32mx/4.8.3/../../../../pic32mx/lib/longdouble/libc-newlib.a(lib_a-sf_nan.o)
 .comment       0x00000000       0x3d /Applications/microchip/xc32/v1.44/bin/bin/../../lib/gcc/pic32mx/4.8.3/../../../../pic32mx/lib/longdouble/libc-newlib.a(lib_a-svfiprintf.o)
 .comment       0x00000000       0x3d /Applications/microchip/xc32/v1.44/bin/bin/../../lib/gcc/pic32mx/4.8.3/../../../../pic32mx/lib/longdouble/libc-newlib.a(lib_a-callocr.o)
 .comment       0x00000000       0x3d /Applications/microchip/xc32/v1.44/bin/bin/../../lib/gcc/pic32mx/4.8.3/longdouble/libgcc.a(_udivdi3.o)
 .comment       0x00000000       0x3d /Applications/microchip/xc32/v1.44/bin/bin/../../lib/gcc/pic32mx/4.8.3/longdouble/libgcc.a(_umoddi3.o)
 .comment       0x000000f3       0x4b /Applications/microchip/xc32/v1.44/bin/bin/../../lib/gcc/pic32mx/4.8.3/../../../../pic32mx/lib/longdouble/libpic32.a(sbrk.o)
                                 0x88 (size before relaxing)
 .comment       0x00000000       0x3d /Applications/microchip/xc32/v1.44/bin/bin/../../lib/gcc/pic32mx/4.8.3/../../../../pic32mx/lib/longdouble/libpic32.a(_exit.o)
 .comment       0x00000000       0x3d /Applications/microchip/xc32/v1.44/bin/bin/../../lib/gcc/pic32mx/4.8.3/../../../../pic32mx/lib/longdouble/libpic32.a(kill.o)
 .comment       0x00000000       0x3d /Applications/microchip/xc32/v1.44/bin/bin/../../lib/gcc/pic32mx/4.8.3/../../../../pic32mx/lib/longdouble/libpic32.a(getpid.o)

.debug
 *(.debug)

.line
 *(.line)

.debug_srcinfo
 *(.debug_srcinfo)

.debug_sfnames
 *(.debug_sfnames)

.debug_aranges  0x00000000     0x1b48
 *(.debug_aranges)
 .debug_aranges
                0x00000000      0x428 build/default/production/chipKIT-libraries/BoardLib/XTREMIS_Library.o
 .debug_aranges
                0x00000428      0x158 build/default/production/chipKIT-libraries/DSPI/DSPI.o
 .debug_aranges
                0x00000580       0xa8 build/default/production/chipKIT-libraries/EEPROM/utility/Deeprom.o
 .debug_aranges
                0x00000628       0x58 build/default/production/chipKIT-libraries/EEPROM/utility/flash.o
 .debug_aranges
                0x00000680       0x58 build/default/production/chipKIT-libraries/EEPROM/EEPROM.o
 .debug_aranges
                0x000006d8      0x118 build/default/production/chipKIT-libraries/OBCI32_SD/utility/Sd2Card.o
 .debug_aranges
                0x000007f0      0x260 build/default/production/chipKIT-libraries/OBCI32_SD/utility/SdFile.o
 .debug_aranges